Component: Arm Compiler for Embedded 6.21 Tool: armlink [5ec1fa00]

==============================================================================

Section Cross References

    main.o(.text.button_exint_init) refers to at32f403a_407_crm.o(.text.crm_periph_clock_enable) for crm_periph_clock_enable
    main.o(.text.button_exint_init) refers to at32f403a_407_gpio.o(.text.gpio_exint_line_config) for gpio_exint_line_config
    main.o(.text.button_exint_init) refers to at32f403a_407_exint.o(.text.exint_default_para_init) for exint_default_para_init
    main.o(.text.button_exint_init) refers to at32f403a_407_exint.o(.text.exint_init) for exint_init
    main.o(.text.button_exint_init) refers to at32f403a_407_misc.o(.text.nvic_priority_group_config) for nvic_priority_group_config
    main.o(.text.button_exint_init) refers to at32f403a_407_misc.o(.text.nvic_irq_enable) for nvic_irq_enable
    main.o(.ARM.exidx.text.button_exint_init) refers to main.o(.text.button_exint_init) for [Anonymous Symbol]
    main.o(.text.button_isr) refers to at32f403a_407_board.o(.text.delay_ms) for delay_ms
    main.o(.text.button_isr) refers to at32f403a_407_exint.o(.text.exint_flag_clear) for exint_flag_clear
    main.o(.text.button_isr) refers to at32f403a_407_gpio.o(.text.gpio_input_data_bit_read) for gpio_input_data_bit_read
    main.o(.text.button_isr) refers to main.o(.data.g_speed) for g_speed
    main.o(.ARM.exidx.text.button_isr) refers to main.o(.text.button_isr) for [Anonymous Symbol]
    main.o(.text.EXINT0_IRQHandler) refers to main.o(.text.button_isr) for button_isr
    main.o(.ARM.exidx.text.EXINT0_IRQHandler) refers to main.o(.text.EXINT0_IRQHandler) for [Anonymous Symbol]
    main.o(.text.main) refers to at32f403a_407_clock.o(.text.system_clock_config) for system_clock_config
    main.o(.text.main) refers to at32f403a_407_board.o(.text.at32_board_init) for at32_board_init
    main.o(.text.main) refers to main.o(.text.button_exint_init) for button_exint_init
    main.o(.text.main) refers to at32f403a_407_board.o(.text.uart_print_init) for uart_print_init
    main.o(.text.main) refers to main.o(.rodata.str1.1) for .L.str
    main.o(.text.main) refers to printf.o(.text) for printf
    main.o(.text.main) refers to at32f403a_407_board.o(.text.at32_led_toggle) for at32_led_toggle
    main.o(.text.main) refers to main.o(.data.g_speed) for g_speed
    main.o(.text.main) refers to at32f403a_407_board.o(.text.delay_ms) for delay_ms
    main.o(.ARM.exidx.text.main) refers to main.o(.text.main) for [Anonymous Symbol]
    at32f403a_407_board.o(.text) refers (Special) to use_no_semi_2.o(.text) for __use_no_semihosting
    at32f403a_407_board.o(.text._sys_exit) refers (Special) to use_no_semi_2.o(.text) for __use_no_semihosting
    at32f403a_407_board.o(.ARM.exidx.text._sys_exit) refers (Special) to use_no_semi_2.o(.text) for __use_no_semihosting
    at32f403a_407_board.o(.ARM.exidx.text._sys_exit) refers to at32f403a_407_board.o(.text._sys_exit) for [Anonymous Symbol]
    at32f403a_407_board.o(.text._ttywrch) refers (Special) to use_no_semi_2.o(.text) for __use_no_semihosting
    at32f403a_407_board.o(.ARM.exidx.text._ttywrch) refers (Special) to use_no_semi_2.o(.text) for __use_no_semihosting
    at32f403a_407_board.o(.ARM.exidx.text._ttywrch) refers to at32f403a_407_board.o(.text._ttywrch) for [Anonymous Symbol]
    at32f403a_407_board.o(.text.fputc) refers (Special) to use_no_semi_2.o(.text) for __use_no_semihosting
    at32f403a_407_board.o(.text.fputc) refers to at32f403a_407_usart.o(.text.usart_flag_get) for usart_flag_get
    at32f403a_407_board.o(.text.fputc) refers to at32f403a_407_usart.o(.text.usart_data_transmit) for usart_data_transmit
    at32f403a_407_board.o(.ARM.exidx.text.fputc) refers (Special) to use_no_semi_2.o(.text) for __use_no_semihosting
    at32f403a_407_board.o(.ARM.exidx.text.fputc) refers to at32f403a_407_board.o(.text.fputc) for [Anonymous Symbol]
    at32f403a_407_board.o(.text.uart_print_init) refers (Special) to use_no_semi_2.o(.text) for __use_no_semihosting
    at32f403a_407_board.o(.text.uart_print_init) refers to at32f403a_407_crm.o(.text.crm_periph_clock_enable) for crm_periph_clock_enable
    at32f403a_407_board.o(.text.uart_print_init) refers to at32f403a_407_gpio.o(.text.gpio_default_para_init) for gpio_default_para_init
    at32f403a_407_board.o(.text.uart_print_init) refers to at32f403a_407_gpio.o(.text.gpio_init) for gpio_init
    at32f403a_407_board.o(.text.uart_print_init) refers to at32f403a_407_usart.o(.text.usart_init) for usart_init
    at32f403a_407_board.o(.text.uart_print_init) refers to at32f403a_407_usart.o(.text.usart_transmitter_enable) for usart_transmitter_enable
    at32f403a_407_board.o(.text.uart_print_init) refers to at32f403a_407_usart.o(.text.usart_enable) for usart_enable
    at32f403a_407_board.o(.ARM.exidx.text.uart_print_init) refers (Special) to use_no_semi_2.o(.text) for __use_no_semihosting
[...]
    .ARM.Collect$$libinit$$00000030          0x080002d6   Section        0  libinit2.o(.ARM.Collect$$libinit$$00000030)
    .ARM.Collect$$libinit$$00000032          0x080002d6   Section        0  libinit2.o(.ARM.Collect$$libinit$$00000032)
    .ARM.Collect$$libinit$$00000034          0x080002d6   Section        0  libinit2.o(.ARM.Collect$$libinit$$00000034)
    .ARM.Collect$$libinit$$00000035          0x080002d6   Section        2  libinit2.o(.ARM.Collect$$libinit$$00000035)
    .ARM.Collect$$libshutdown$$00000000      0x080002d8   Section        2  libshutdown.o(.ARM.Collect$$libshutdown$$00000000)
    .ARM.Collect$$libshutdown$$00000002      0x080002da   Section        0  libshutdown2.o(.ARM.Collect$$libshutdown$$00000002)
    .ARM.Collect$$libshutdown$$00000004      0x080002da   Section        0  libshutdown2.o(.ARM.Collect$$libshutdown$$00000004)
    .ARM.Collect$$libshutdown$$00000007      0x080002da   Section        0  libshutdown2.o(.ARM.Collect$$libshutdown$$00000007)
    .ARM.Collect$$libshutdown$$0000000A      0x080002da   Section        0  libshutdown2.o(.ARM.Collect$$libshutdown$$0000000A)
    .ARM.Collect$$libshutdown$$0000000C      0x080002da   Section        0  libshutdown2.o(.ARM.Collect$$libshutdown$$0000000C)
    .ARM.Collect$$libshutdown$$0000000F      0x080002da   Section        0  libshutdown2.o(.ARM.Collect$$libshutdown$$0000000F)
    .ARM.Collect$$libshutdown$$00000010      0x080002da   Section        2  libshutdown2.o(.ARM.Collect$$libshutdown$$00000010)
    .ARM.Collect$$rtentry$$00000000          0x080002dc   Section        0  __rtentry.o(.ARM.Collect$$rtentry$$00000000)
    .ARM.Collect$$rtentry$$00000002          0x080002dc   Section        0  __rtentry2.o(.ARM.Collect$$rtentry$$00000002)
    .ARM.Collect$$rtentry$$00000004          0x080002dc   Section        6  __rtentry4.o(.ARM.Collect$$rtentry$$00000004)
    .ARM.Collect$$rtentry$$00000009          0x080002e2   Section        0  __rtentry2.o(.ARM.Collect$$rtentry$$00000009)
    .ARM.Collect$$rtentry$$0000000A          0x080002e2   Section        4  __rtentry2.o(.ARM.Collect$$rtentry$$0000000A)
    .ARM.Collect$$rtentry$$0000000C          0x080002e6   Section        0  __rtentry2.o(.ARM.Collect$$rtentry$$0000000C)
    .ARM.Collect$$rtentry$$0000000D          0x080002e6   Section        8  __rtentry2.o(.ARM.Collect$$rtentry$$0000000D)
    .ARM.Collect$$rtexit$$00000000           0x080002ee   Section        2  rtexit.o(.ARM.Collect$$rtexit$$00000000)
    .ARM.Collect$$rtexit$$00000002           0x080002f0   Section        0  rtexit2.o(.ARM.Collect$$rtexit$$00000002)
    .ARM.Collect$$rtexit$$00000003           0x080002f0   Section        4  rtexit2.o(.ARM.Collect$$rtexit$$00000003)
    .ARM.Collect$$rtexit$$00000004           0x080002f4   Section        6  rtexit2.o(.ARM.Collect$$rtexit$$00000004)
    $v0                                      0x080002fc   Number         0  startup_at32f403a_407.o(.text)
    .text                                    0x080002fc   Section       64  startup_at32f403a_407.o(.text)
    .text                                    0x0800033c   Section        2  use_no_semi_2.o(.text)
    .text                                    0x08000340   Section        0  printf.o(.text)
    .text                                    0x08000358   Section        0  heapauxi.o(.text)
    .text                                    0x0800035e   Section        2  use_no_semi.o(.text)
    .text                                    0x08000360   Section        0  _printf_pad.o(.text)
    .text                                    0x080003ae   Section        0  _printf_truncate.o(.text)
    .text                                    0x080003d2   Section        0  _printf_str.o(.text)
    .text                                    0x08000424   Section        0  _printf_dec.o(.text)
    .text                                    0x0800049c   Section        0  _printf_charcount.o(.text)
    .text                                    0x080004c4   Section        0  _printf_char_file.o(.text)
    .text                                    0x080004e8   Section        0  _printf_wctomb.o(.text)
    .text                                    0x080005a4   Section        0  _printf_longlong_dec.o(.text)
    _printf_longlong_oct_internal            0x08000621   Thumb Code     0  _printf_oct_int_ll.o(.text)
    .text                                    0x08000620   Section        0  _printf_oct_int_ll.o(.text)
    _printf_hex_common                       0x08000691   Thumb Code     0  _printf_hex_int_ll_ptr.o(.text)
    .text                                    0x08000690   Section        0  _printf_hex_int_ll_ptr.o(.text)
    .text                                    0x08000724   Section        0  __printf_flags_ss_wp.o(.text)
    .text                                    0x080008ac   Section      138  lludiv10.o(.text)
    .text                                    0x08000936   Section        0  _printf_intcommon.o(.text)
    _fp_digits                               0x080009e9   Thumb Code   432  _printf_fp_dec.o(.text)
    .text                                    0x080009e8   Section        0  _printf_fp_dec.o(.text)
    .text                                    0x08000e04   Section        0  _printf_fp_hex.o(.text)
    _printf_input_char                       0x08001101   Thumb Code    10  _printf_char_common.o(.text)
    .text                                    0x08001100   Section        0  _printf_char_common.o(.text)
    .text                                    0x08001130   Section        0  _printf_char.o(.text)
    .text                                    0x0800115c   Section        0  _printf_wchar.o(.text)
    .text                                    0x08001188   Section        0  ferror.o(.text)
    .text                                    0x08001190   Section        0  _c16rtomb.o(.text)
    .text                                    0x080011d8   Section       74  sys_stackheap_outer.o(.text)
    .text                                    0x08001224   Section       16  rt_ctype_table.o(.text)
    .text                                    0x08001234   Section        8  rt_locale_intlibspace.o(.text)
    .text                                    0x0800123c   Section        0  _printf_fp_infnan.o(.text)
    .text                                    0x080012bc   Section        0  bigflt0.o(.text)
    .text                                    0x080013a0   Section        0  exit.o(.text)
    .text                                    0x080013b4   Section        8  libspace.o(.text)
    .text                                    0x080013c0   Section      124  strcmpv7em.o(.text)
    [Anonymous Symbol]                       0x0800143c   Section        0  at32f403a_407_int.o(.text.BusFault_Handler)
    [Anonymous Symbol]                       0x08001440   Section        0  at32f403a_407_int.o(.text.DebugMon_Handler)
    [Anonymous Symbol]                       0x08001444   Section        0  main.o(.text.EXINT0_IRQHandler)
    [Anonymous Symbol]                       0x0800144c   Section        0  at32f403a_407_int.o(.text.HardFault_Handler)
    [Anonymous Symbol]                       0x08001450   Section        0  at32f403a_407_int.o(.text.MemManage_Handler)
    [Anonymous Symbol]                       0x08001454   Section        0  at32f403a_407_int.o(.text.NMI_Handler)
    NVIC_EncodePriority                      0x08001459   Thumb Code   108  at32f403a_407_misc.o(.text.NVIC_EncodePriority)
    [Anonymous Symbol]                       0x08001458   Section        0  at32f403a_407_misc.o(.text.NVIC_EncodePriority)
    [Anonymous Symbol]                       0x080014c4   Section        0  at32f403a_407_int.o(.text.PendSV_Handler)
    [Anonymous Symbol]                       0x080014c8   Section        0  at32f403a_407_int.o(.text.SVC_Handler)
    [Anonymous Symbol]                       0x080014cc   Section        0  at32f403a_407_int.o(.text.SysTick_Handler)
    [Anonymous Symbol]                       0x080014d0   Section        0  system_at32f403a_407.o(.text.SystemInit)
    [Anonymous Symbol]                       0x08001578   Section        0  at32f403a_407_int.o(.text.UsageFault_Handler)
    __NVIC_EnableIRQ                         0x0800157d   Thumb Code    48  at32f403a_407_misc.o(.text.__NVIC_EnableIRQ)
    [Anonymous Symbol]                       0x0800157c   Section        0  at32f403a_407_misc.o(.text.__NVIC_EnableIRQ)
    __NVIC_GetPriorityGrouping               0x080015ad   Thumb Code    16  at32f403a_407_misc.o(.text.__NVIC_GetPriorityGrouping)
    [Anonymous Symbol]                       0x080015ac   Section        0  at32f403a_407_misc.o(.text.__NVIC_GetPriorityGrouping)
    __NVIC_SetPriority                       0x080015bd   Thumb Code    66  at32f403a_407_misc.o(.text.__NVIC_SetPriority)
    [Anonymous Symbol]                       0x080015bc   Section        0  at32f403a_407_misc.o(.text.__NVIC_SetPriority)
    __NVIC_SetPriorityGrouping               0x08001601   Thumb Code    60  at32f403a_407_misc.o(.text.__NVIC_SetPriorityGrouping)
    [Anonymous Symbol]                       0x08001600   Section        0  at32f403a_407_misc.o(.text.__NVIC_SetPriorityGrouping)
    [Anonymous Symbol]                       0x0800163c   Section        0  at32f403a_407_board.o(.text._sys_exit)
    [Anonymous Symbol]                       0x08001644   Section        0  at32f403a_407_board.o(.text.at32_board_init)
    [Anonymous Symbol]                       0x08001680   Section        0  at32f403a_407_board.o(.text.at32_button_init)
    [Anonymous Symbol]                       0x080016c4   Section        0  at32f403a_407_board.o(.text.at32_led_init)
    [Anonymous Symbol]                       0x08001730   Section        0  at32f403a_407_board.o(.text.at32_led_off)
    [Anonymous Symbol]                       0x0800177c   Section        0  at32f403a_407_board.o(.text.at32_led_toggle)
    [Anonymous Symbol]                       0x080017cc   Section        0  main.o(.text.button_exint_init)
    [Anonymous Symbol]                       0x0800181c   Section        0  main.o(.text.button_isr)
    [Anonymous Symbol]                       0x08001874   Section        0  at32f403a_407_crm.o(.text.crm_ahb_div_set)
    [Anonymous Symbol]                       0x0800189c   Section        0  at32f403a_407_crm.o(.text.crm_apb1_div_set)
    [Anonymous Symbol]                       0x080018c4   Section        0  at32f403a_407_crm.o(.text.crm_apb2_div_set)
    [Anonymous Symbol]                       0x080018ec   Section        0  at32f403a_407_crm.o(.text.crm_auto_step_mode_enable)
    [Anonymous Symbol]                       0x08001924   Section        0  at32f403a_407_crm.o(.text.crm_clock_source_enable)
    [Anonymous Symbol]                       0x080019cc   Section        0  at32f403a_407_crm.o(.text.crm_clocks_freq_get)
    [Anonymous Symbol]                       0x08001bac   Section        0  at32f403a_407_crm.o(.text.crm_flag_get)
    [Anonymous Symbol]                       0x08001bec   Section        0  at32f403a_407_crm.o(.text.crm_hext_clock_div_set)
    [Anonymous Symbol]                       0x08001c14   Section        0  at32f403a_407_crm.o(.text.crm_hext_stable_wait)
    [Anonymous Symbol]                       0x08001c78   Section        0  at32f403a_407_crm.o(.text.crm_periph_clock_enable)
    [Anonymous Symbol]                       0x08001ccc   Section        0  at32f403a_407_crm.o(.text.crm_pll_config)
    [Anonymous Symbol]                       0x08001d88   Section        0  at32f403a_407_crm.o(.text.crm_reset)
    [Anonymous Symbol]                       0x08001e10   Section        0  at32f403a_407_crm.o(.text.crm_sysclk_switch)
    [Anonymous Symbol]                       0x08001e58   Section        0  at32f403a_407_crm.o(.text.crm_sysclk_switch_status_get)
    [Anonymous Symbol]                       0x08001e68   Section        0  at32f403a_407_board.o(.text.delay_init)
    [Anonymous Symbol]                       0x08001ea8   Section        0  at32f403a_407_board.o(.text.delay_ms)
    [Anonymous Symbol]                       0x08001f80   Section        0  at32f403a_407_exint.o(.text.exint_default_para_init)
    [Anonymous Symbol]                       0x08001f9c   Section        0  at32f403a_407_exint.o(.text.exint_flag_clear)
    [Anonymous Symbol]                       0x08001fd8   Section        0  at32f403a_407_exint.o(.text.exint_init)
    [Anonymous Symbol]                       0x080020bc   Section        0  at32f403a_407_board.o(.text.fputc)
    [Anonymous Symbol]                       0x08002108   Section        0  at32f403a_407_gpio.o(.text.gpio_default_para_init)
    [Anonymous Symbol]                       0x08002130   Section        0  at32f403a_407_gpio.o(.text.gpio_exint_line_config)
    [Anonymous Symbol]                       0x0800220c   Section        0  at32f403a_407_gpio.o(.text.gpio_init)
    [Anonymous Symbol]                       0x0800234c   Section        0  at32f403a_407_gpio.o(.text.gpio_input_data_bit_read)
    [Anonymous Symbol]                       0x08002384   Section        0  main.o(.text.main)
    [Anonymous Symbol]                       0x080023e0   Section        0  at32f403a_407_misc.o(.text.nvic_irq_enable)
    [Anonymous Symbol]                       0x08002414   Section        0  at32f403a_407_misc.o(.text.nvic_priority_group_config)
    [Anonymous Symbol]                       0x08002428   Section        0  at32f403a_407_clock.o(.text.system_clock_config)
    [Anonymous Symbol]                       0x080024ac   Section        0  system_at32f403a_407.o(.text.system_core_clock_update)
    [Anonymous Symbol]                       0x0800264c   Section        0  at32f403a_407_misc.o(.text.systick_clock_source_config)
    [Anonymous Symbol]                       0x08002684   Section        0  at32f403a_407_board.o(.text.uart_print_init)
    [Anonymous Symbol]                       0x08002704   Section        0  at32f403a_407_usart.o(.text.usart_data_transmit)
    [Anonymous Symbol]                       0x0800271c   Section        0  at32f403a_407_usart.o(.text.usart_enable)
    [Anonymous Symbol]                       0x08002740   Section        0  at32f403a_407_usart.o(.text.usart_flag_get)
    [Anonymous Symbol]                       0x0800276c   Section        0  at32f403a_407_usart.o(.text.usart_init)
    [Anonymous Symbol]                       0x0800286c   Section        0  at32f403a_407_usart.o(.text.usart_transmitter_enable)
    CL$$btod_d2e                             0x0800288e   Section       62  btod.o(CL$$btod_d2e)
    CL$$btod_d2e_denorm_low                  0x080028cc   Section       70  btod.o(CL$$btod_d2e_denorm_low)
    CL$$btod_d2e_norm_op1                    0x08002912   Section       96  btod.o(CL$$btod_d2e_norm_op1)
    CL$$btod_div_common                      0x08002974   Section      824  btod.o(CL$$btod_div_common)
    CL$$btod_e2e                             0x08002cac   Section      220  btod.o(CL$$btod_e2e)
    CL$$btod_ediv                            0x08002d88   Section       42  btod.o(CL$$btod_ediv)
    CL$$btod_emul                            0x08002db2   Section       42  btod.o(CL$$btod_emul)
    CL$$btod_mult_common                     0x08002ddc   Section      580  btod.o(CL$$btod_mult_common)
    i.__ARM_fpclassify                       0x08003020   Section        0  fpclassify.o(i.__ARM_fpclassify)
    i._is_digit                              0x08003050   Section        0  __printf_wp.o(i._is_digit)
    locale$$code                             0x08003060   Section       44  lc_numeric_c.o(locale$$code)
    locale$$code                             0x0800308c   Section       44  lc_ctype_c.o(locale$$code)
    $v0                                      0x080030b8   Number         0  fpinit.o(x$fpl$fpinit)
    x$fpl$fpinit                             0x080030b8   Section       26  fpinit.o(x$fpl$fpinit)
    $v0                                      0x080030d2   Number         0  printf1.o(x$fpl$printf1)
    x$fpl$printf1                            0x080030d2   Section        4  printf1.o(x$fpl$printf1)
    $v0                                      0x080030d6   Number         0  printf2.o(x$fpl$printf2)
    x$fpl$printf2                            0x080030d6   Section        4  printf2.o(x$fpl$printf2)
    x$fpl$usenofp                            0x080030da   Section        0  usenofp.o(x$fpl$usenofp)
    initial_mbstate                          0x080030dc   Data           8  _printf_wctomb.o(.constdata)
    .constdata                               0x080030dc   Section        8  _printf_wctomb.o(.constdata)
    uc_hextab                                0x080030e4   Data          20  _printf_hex_int_ll_ptr.o(.constdata)
    .constdata                               0x080030e4   Section       40  _printf_hex_int_ll_ptr.o(.constdata)
    lc_hextab                                0x080030f8   Data          20  _printf_hex_int_ll_ptr.o(.constdata)
    maptable                                 0x0800310c   Data          17  __printf_flags_ss_wp.o(.constdata)
    .constdata                               0x0800310c   Section       17  __printf_flags_ss_wp.o(.constdata)
    lc_hextab                                0x0800311d   Data          19  _printf_fp_hex.o(.constdata)
    .constdata                               0x0800311d   Section       38  _printf_fp_hex.o(.constdata)
    uc_hextab                                0x08003130   Data          19  _printf_fp_hex.o(.constdata)
    tenpwrs_x                                0x08003144   Data          60  bigflt0.o(.constdata)
    .constdata                               0x08003144   Section      148  bigflt0.o(.constdata)
    tenpwrs_i                                0x08003180   Data          64  bigflt0.o(.constdata)
    crm_clocks_freq_get.adc_div_table        0x080031d8   Data           8  at32f403a_407_crm.o(.rodata.crm_clocks_freq_get.adc_div_table)
    [Anonymous Symbol]                       0x080031d8   Section        0  at32f403a_407_crm.o(.rodata.crm_clocks_freq_get.adc_div_table)
    crm_clocks_freq_get.ahb_apb1_div_table   0x080031e0   Data           8  at32f403a_407_crm.o(.rodata.crm_clocks_freq_get.ahb_apb1_div_table)
    [Anonymous Symbol]                       0x080031e0   Section        0  at32f403a_407_crm.o(.rodata.crm_clocks_freq_get.ahb_apb1_div_table)
    crm_clocks_freq_get.ahb_apb2_div_table   0x080031e8   Data           8  at32f403a_407_crm.o(.rodata.crm_clocks_freq_get.ahb_apb2_div_table)
    [Anonymous Symbol]                       0x080031e8   Section        0  at32f403a_407_crm.o(.rodata.crm_clocks_freq_get.ahb_apb2_div_table)
    crm_clocks_freq_get.sclk_ahb_div_table   0x080031f0   Data          16  at32f403a_407_crm.o(.rodata.crm_clocks_freq_get.sclk_ahb_div_table)
    [Anonymous Symbol]                       0x080031f0   Section        0  at32f403a_407_crm.o(.rodata.crm_clocks_freq_get.sclk_ahb_div_table)
    .L.str                                   0x08003200   Data          26  main.o(.rodata.str1.1)
    [Anonymous Symbol]                       0x08003200   Section        0  main.o(.rodata.str1.1)
    system_core_clock_update.sys_ahb_div_table 0x0800321a   Data          16  system_at32f403a_407.o(.rodata.system_core_clock_update.sys_ahb_div_table)
    [Anonymous Symbol]                       0x0800321a   Section        0  system_at32f403a_407.o(.rodata.system_core_clock_update.sys_ahb_div_table)
    locale$$data                             0x0800324c   Section       28  lc_numeric_c.o(locale$$data)
    __lcnum_c_name                           0x08003250   Data           2  lc_numeric_c.o(locale$$data)
    __lcnum_c_start                          0x08003258   Data           0  lc_numeric_c.o(locale$$data)
    __lcnum_c_point                          0x08003264   Data           0  lc_numeric_c.o(locale$$data)
    __lcnum_c_thousands                      0x08003266   Data           0  lc_numeric_c.o(locale$$data)
    __lcnum_c_grouping                       0x08003267   Data           0  lc_numeric_c.o(locale$$data)
    __lcnum_c_end                            0x08003268   Data           0  lc_numeric_c.o(locale$$data)
    locale$$data                             0x08003268   Section      272  lc_ctype_c.o(locale$$data)
    __lcctype_c_name                         0x0800326c   Data           2  lc_ctype_c.o(locale$$data)
    __lcctype_c_start                        0x08003274   Data           0  lc_ctype_c.o(locale$$data)
    __lcctype_c_end                          0x08003378   Data           0  lc_ctype_c.o(locale$$data)
    .bss                                     0x20000028   Section       96  libspace.o(.bss)
    fac_ms                                   0x200000dc   Data           4  at32f403a_407_board.o(.bss.fac_ms)
    [Anonymous Symbol]                       0x200000dc   Section        0  at32f403a_407_board.o(.bss.fac_ms)
    fac_us                                   0x200000e0   Data           4  at32f403a_407_board.o(.bss.fac_us)
    [Anonymous Symbol]                       0x200000e0   Section        0  at32f403a_407_board.o(.bss.fac_us)
    Heap_Mem                                 0x200000e8   Data         512  startup_at32f403a_407.o(HEAP)
    HEAP                                     0x200000e8   Section      512  startup_at32f403a_407.o(HEAP)
    Stack_Mem                                0x200002e8   Data        1024  startup_at32f403a_407.o(STACK)
    STACK                                    0x200002e8   Section     1024  startup_at32f403a_407.o(STACK)
    __initial_sp                             0x200006e8   Data           0  startup_at32f403a_407.o(STACK)

    Global Symbols

    Symbol Name                              Value     Ov Type        Size  Object(Section)

    BuildAttributes$$THM_ISAv4$E$P$D$K$B$S$7EM$VFPi3$EXTD16$VFPS$VFMA$PE$A:L22UL41UL21$X:L11$S22US41US21$IEEE1$IW$~IW$USESV6$~STKCKD$USESV7$~SHL$OTIME$ROPI$IEEEJ$EBA8$UX$STANDARDLIB$REQ8$PRES8$EABIv2 0x00000000   Number         0  anon$$obj.o ABSOLUTE
    _printf_flags                            0x00000000   Number         0  printf_stubs.o ABSOLUTE
    _printf_return_value                     0x00000000   Number         0  printf_stubs.o ABSOLUTE
    _printf_sizespec                         0x00000000   Number         0  printf_stubs.o ABSOLUTE
    _printf_widthprec                        0x00000000   Number         0  printf_stubs.o ABSOLUTE
    __ARM_exceptions_init                     - Undefined Weak Reference
    __alloca_initialize                       - Undefined Weak Reference
    __arm_preinit_                            - Undefined Weak Reference
    __arm_relocate_pie_                       - Undefined Weak Reference
    __cpp_initialize__aeabi_                  - Undefined Weak Reference
    __cxa_finalize                            - Undefined Weak Reference
    __sigvec_lookup                           - Undefined Weak Reference
    _atexit_init                              - Undefined Weak Reference
    _call_atexit_fns                          - Undefined Weak Reference
    _clock_init                               - Undefined Weak Reference
    _fp_trap_init                             - Undefined Weak Reference
    _fp_trap_shutdown                         - Undefined Weak Reference
    _get_lc_collate                           - Undefined Weak Reference
    _get_lc_monetary                          - Undefined Weak Reference
    _get_lc_time                              - Undefined Weak Reference
    _getenv_init                              - Undefined Weak Reference
    _handle_redirection                       - Undefined Weak Reference
    _init_alloc                               - Undefined Weak Reference
    _init_user_alloc                          - Undefined Weak Reference
    _initio                                   - Undefined Weak Reference
    _mutex_acquire                            - Undefined Weak Reference
    _mutex_release                            - Undefined Weak Reference
    _printf_mbtowc                            - Undefined Weak Reference
    _printf_wc                                - Undefined Weak Reference
    _rand_init                                - Undefined Weak Reference
    _signal_finish                            - Undefined Weak Reference
    _signal_init                              - Undefined Weak Reference
    _terminate_alloc                          - Undefined Weak Reference
    _terminate_user_alloc                     - Undefined Weak Reference
    _terminateio                              - Undefined Weak Reference
    __Vectors_Size                           0x00000184   Number         0  startup_at32f403a_407.o ABSOLUTE
    __Vectors                                0x08000000   Data           4  startup_at32f403a_407.o(RESET)
    __Vectors_End                            0x08000184   Data           0  startup_at32f403a_407.o(RESET)
    __main                                   0x08000185   Thumb Code     8  __main.o(!!!main)
    __scatterload                            0x0800018d   Thumb Code     0  __scatter.o(!!!scatter)
    __scatterload_rt2                        0x0800018d   Thumb Code    84  __scatter.o(!!!scatter)
    __scatterload_rt2_thumb_only             0x0800018d   Thumb Code     0  __scatter.o(!!!scatter)
    __scatterload_loop                       0x08000197   Thumb Code     0  __scatter.o(!!!scatter)
    __scatterload_copy                       0x080001e9   Thumb Code    26  __scatter_copy.o(!!handler_copy)
    __scatterload_null                       0x08000205   Thumb Code     2  __scatter.o(!!handler_null)
    __scatterload_zeroinit                   0x08000209   Thumb Code    28  __scatter_zi.o(!!handler_zi)
    _printf_n                                0x08000225   Thumb Code     0  _printf_n.o(.ARM.Collect$$_printf_percent$$00000001)
    _printf_percent                          0x08000225   Thumb Code     0  _printf_percent.o(.ARM.Collect$$_printf_percent$$00000000)
    _printf_p                                0x0800022b   Thumb Code     0  _printf_p.o(.ARM.Collect$$_printf_percent$$00000002)
    _printf_f                                0x08000231   Thumb Code     0  _printf_f.o(.ARM.Collect$$_printf_percent$$00000003)
    _printf_e                                0x08000237   Thumb Code     0  _printf_e.o(.ARM.Collect$$_printf_percent$$00000004)
    _printf_g                                0x0800023d   Thumb Code     0  _printf_g.o(.ARM.Collect$$_printf_percent$$00000005)
    _printf_a                                0x08000243   Thumb Code     0  _printf_a.o(.ARM.Collect$$_printf_percent$$00000006)
    _printf_ll                               0x08000249   Thumb Code     0  _printf_ll.o(.ARM.Collect$$_printf_percent$$00000007)
    _printf_i                                0x08000253   Thumb Code     0  _printf_i.o(.ARM.Collect$$_printf_percent$$00000008)
    _printf_d                                0x08000259   Thumb Code     0  _printf_d.o(.ARM.Collect$$_printf_percent$$00000009)
    _printf_u                                0x0800025f   Thumb Code     0  _printf_u.o(.ARM.Collect$$_printf_percent$$0000000A)
    _printf_o                                0x08000265   Thumb Code     0  _printf_o.o(.ARM.Collect$$_printf_percent$$0000000B)
    _printf_x                                0x0800026b   Thumb Code     0  _printf_x.o(.ARM.Collect$$_printf_percent$$0000000C)
    _printf_lli                              0x08000271   Thumb Code     0  _printf_lli.o(.ARM.Collect$$_printf_percent$$0000000D)
    _printf_lld                              0x08000277   Thumb Code     0  _printf_lld.o(.ARM.Collect$$_printf_percent$$0000000E)
    _printf_llu                              0x0800027d   Thumb Code     0  _printf_llu.o(.ARM.Collect$$_printf_percent$$0000000F)
    _printf_llo                              0x08000283   Thumb Code     0  _printf_llo.o(.ARM.Collect$$_printf_percent$$00000010)
    _printf_llx                              0x08000289   Thumb Code     0  _printf_llx.o(.ARM.Collect$$_printf_percent$$00000011)
    _printf_l                                0x0800028f   Thumb Code     0  _printf_l.o(.ARM.Collect$$_printf_percent$$00000012)
    _printf_c                                0x08000299   Thumb Code     0  _printf_c.o(.ARM.Collect$$_printf_percent$$00000013)
    _printf_s                                0x0800029f   Thumb Code     0  _printf_s.o(.ARM.Collect$$_printf_percent$$00000014)
    _printf_lc                               0x080002a5   Thumb Code     0  _printf_lc.o(.ARM.Collect$$_printf_percent$$00000015)
    _printf_ls                               0x080002ab   Thumb Code     0  _printf_ls.o(.ARM.Collect$$_printf_percent$$00000016)
    _printf_percent_end                      0x080002b1   Thumb Code     0  _printf_percent_end.o(.ARM.Collect$$_printf_percent$$00000017)
    __rt_lib_init                            0x080002b5   Thumb Code     0  libinit.o(.ARM.Collect$$libinit$$00000000)
    __rt_lib_init_fp_1                       0x080002b7   Thumb Code     0  libinit2.o(.ARM.Collect$$libinit$$00000001)
    __rt_lib_init_heap_1                     0x080002bb   Thumb Code     0  libinit2.o(.ARM.Collect$$libinit$$0000000C)
    __rt_lib_init_lc_common                  0x080002bb   Thumb Code     0  libinit2.o(.ARM.Collect$$libinit$$00000011)
    __rt_lib_init_preinit_1                  0x080002bb   Thumb Code     0  libinit2.o(.ARM.Collect$$libinit$$00000006)
    __rt_lib_init_rand_1                     0x080002bb   Thumb Code     0  libinit2.o(.ARM.Collect$$libinit$$00000010)
    __rt_lib_init_relocate_pie_1             0x080002bb   Thumb Code     0  libinit2.o(.ARM.Collect$$libinit$$00000004)
    __rt_lib_init_user_alloc_1               0x080002bb   Thumb Code     0  libinit2.o(.ARM.Collect$$libinit$$0000000E)
    __rt_lib_init_lc_collate_1               0x080002c1   Thumb Code     0  libinit2.o(.ARM.Collect$$libinit$$00000013)
    __rt_lib_init_lc_ctype_2                 0x080002c1   Thumb Code     0  libinit2.o(.ARM.Collect$$libinit$$00000014)
    __rt_lib_init_lc_ctype_1                 0x080002cd   Thumb Code     0  libinit2.o(.ARM.Collect$$libinit$$00000015)
    __rt_lib_init_lc_monetary_1              0x080002cd   Thumb Code     0  libinit2.o(.ARM.Collect$$libinit$$00000017)
    __rt_lib_init_lc_numeric_2               0x080002cd   Thumb Code     0  libinit2.o(.ARM.Collect$$libinit$$00000018)
    __rt_lib_init_alloca_1                   0x080002d7   Thumb Code     0  libinit2.o(.ARM.Collect$$libinit$$00000030)
    __rt_lib_init_argv_1                     0x080002d7   Thumb Code     0  libinit2.o(.ARM.Collect$$libinit$$0000002E)
    __rt_lib_init_atexit_1                   0x080002d7   Thumb Code     0  libinit2.o(.ARM.Collect$$libinit$$0000001D)
    __rt_lib_init_clock_1                    0x080002d7   Thumb Code     0  libinit2.o(.ARM.Collect$$libinit$$00000023)
    __rt_lib_init_cpp_1                      0x080002d7   Thumb Code     0  libinit2.o(.ARM.Collect$$libinit$$00000034)
    __rt_lib_init_exceptions_1               0x080002d7   Thumb Code     0  libinit2.o(.ARM.Collect$$libinit$$00000032)
    __rt_lib_init_fp_trap_1                  0x080002d7   Thumb Code     0  libinit2.o(.ARM.Collect$$libinit$$00000021)
    __rt_lib_init_getenv_1                   0x080002d7   Thumb Code     0  libinit2.o(.ARM.Collect$$libinit$$00000025)
    __rt_lib_init_lc_numeric_1               0x080002d7   Thumb Code     0  libinit2.o(.ARM.Collect$$libinit$$00000019)
    __rt_lib_init_lc_time_1                  0x080002d7   Thumb Code     0  libinit2.o(.ARM.Collect$$libinit$$0000001B)
    __rt_lib_init_return                     0x080002d7   Thumb Code     0  libinit2.o(.ARM.Collect$$libinit$$00000035)
    __rt_lib_init_signal_1                   0x080002d7   Thumb Code     0  libinit2.o(.ARM.Collect$$libinit$$0000001F)
    __rt_lib_init_stdio_1                    0x080002d7   Thumb Code     0  libinit2.o(.ARM.Collect$$libinit$$00000027)
    __rt_lib_shutdown                        0x080002d9   Thumb Code     0  libshutdown.o(.ARM.Collect$$libshutdown$$00000000)
    __rt_lib_shutdown_cpp_1                  0x080002db   Thumb Code     0  libshutdown2.o(.ARM.Collect$$libshutdown$$00000002)
    __rt_lib_shutdown_fp_trap_1              0x080002db   Thumb Code     0  libshutdown2.o(.ARM.Collect$$libshutdown$$00000007)
    __rt_lib_shutdown_heap_1                 0x080002db   Thumb Code     0  libshutdown2.o(.ARM.Collect$$libshutdown$$0000000F)
    __rt_lib_shutdown_return                 0x080002db   Thumb Code     0  libshutdown2.o(.ARM.Collect$$libshutdown$$00000010)
    __rt_lib_shutdown_signal_1               0x080002db   Thumb Code     0  libshutdown2.o(.ARM.Collect$$libshutdown$$0000000A)
    __rt_lib_shutdown_stdio_1                0x080002db   Thumb Code     0  libshutdown2.o(.ARM.Collect$$libshutdown$$00000004)
    __rt_lib_shutdown_user_alloc_1           0x080002db   Thumb Code     0  libshutdown2.o(.ARM.Collect$$libshutdown$$0000000C)
    __rt_entry                               0x080002dd   Thumb Code     0  __rtentry.o(.ARM.Collect$$rtentry$$00000000)
    __rt_entry_presh_1                       0x080002dd   Thumb Code     0  __rtentry2.o(.ARM.Collect$$rtentry$$00000002)
    __rt_entry_sh                            0x080002dd   Thumb Code     0  __rtentry4.o(.ARM.Collect$$rtentry$$00000004)
    __rt_entry_li                            0x080002e3   Thumb Code     0  __rtentry2.o(.ARM.Collect$$rtentry$$0000000A)
    __rt_entry_postsh_1                      0x080002e3   Thumb Code     0  __rtentry2.o(.ARM.Collect$$rtentry$$00000009)
    __rt_entry_main                          0x080002e7   Thumb Code     0  __rtentry2.o(.ARM.Collect$$rtentry$$0000000D)
    __rt_entry_postli_1                      0x080002e7   Thumb Code     0  __rtentry2.o(.ARM.Collect$$rtentry$$0000000C)
    __rt_exit                                0x080002ef   Thumb Code     0  rtexit.o(.ARM.Collect$$rtexit$$00000000)
    __rt_exit_ls                             0x080002f1   Thumb Code     0  rtexit2.o(.ARM.Collect$$rtexit$$00000003)
    __rt_exit_prels_1                        0x080002f1   Thumb Code     0  rtexit2.o(.ARM.Collect$$rtexit$$00000002)
    __rt_exit_exit                           0x080002f5   Thumb Code     0  rtexit2.o(.ARM.Collect$$rtexit$$00000004)
    Reset_Handler                            0x080002fd   Thumb Code     8  startup_at32f403a_407.o(.text)
    ACC_IRQHandler                           0x08000317   Thumb Code     0  startup_at32f403a_407.o(.text)
    ADC1_2_IRQHandler                        0x08000317   Thumb Code     0  startup_at32f403a_407.o(.text)
    ADC3_IRQHandler                          0x08000317   Thumb Code     0  startup_at32f403a_407.o(.text)
    CAN1_RX1_IRQHandler                      0x08000317   Thumb Code     0  startup_at32f403a_407.o(.text)
    CAN1_SE_IRQHandler                       0x08000317   Thumb Code     0  startup_at32f403a_407.o(.text)
    CAN2_RX0_IRQHandler                      0x08000317   Thumb Code     0  startup_at32f403a_407.o(.text)
    CAN2_RX1_IRQHandler                      0x08000317   Thumb Code     0  startup_at32f403a_407.o(.text)
    CAN2_SE_IRQHandler                       0x08000317   Thumb Code     0  startup_at32f403a_407.o(.text)
    CAN2_TX_IRQHandler                       0x08000317   Thumb Code     0  startup_at32f403a_407.o(.text)
    CRM_IRQHandler                           0x08000317   Thumb Code     0  startup_at32f403a_407.o(.text)
    DMA1_Channel1_IRQHandler                 0x08000317   Thumb Code     0  startup_at32f403a_407.o(.text)
    DMA1_Channel2_IRQHandler                 0x08000317   Thumb Code     0  startup_at32f403a_407.o(.text)
    DMA1_Channel3_IRQHandler                 0x08000317   Thumb Code     0  startup_at32f403a_407.o(.text)
    DMA1_Channel4_IRQHandler                 0x08000317   Thumb Code     0  startup_at32f403a_407.o(.text)
    DMA1_Channel5_IRQHandler                 0x08000317   Thumb Code     0  startup_at32f403a_407.o(.text)
    DMA1_Channel6_IRQHandler                 0x08000317   Thumb Code     0  startup_at32f403a_407.o(.text)
    DMA1_Channel7_IRQHandler                 0x08000317   Thumb Code     0  startup_at32f403a_407.o(.text)
    DMA2_Channel1_IRQHandler                 0x08000317   Thumb Code     0  startup_at32f403a_407.o(.text)
    DMA2_Channel2_IRQHandler                 0x08000317   Thumb Code     0  startup_at32f403a_407.o(.text)
    DMA2_Channel3_IRQHandler                 0x08000317   Thumb Code     0  startup_at32f403a_407.o(.text)
    DMA2_Channel4_5_IRQHandler               0x08000317   Thumb Code     0  startup_at32f403a_407.o(.text)
    DMA2_Channel6_7_IRQHandler               0x08000317   Thumb Code     0  startup_at32f403a_407.o(.text)
    EMAC_IRQHandler                          0x08000317   Thumb Code     0  startup_at32f403a_407.o(.text)
    EMAC_WKUP_IRQHandler                     0x08000317   Thumb Code     0  startup_at32f403a_407.o(.text)
    EXINT15_10_IRQHandler                    0x08000317   Thumb Code     0  startup_at32f403a_407.o(.text)
    EXINT1_IRQHandler                        0x08000317   Thumb Code     0  startup_at32f403a_407.o(.text)
    EXINT2_IRQHandler                        0x08000317   Thumb Code     0  startup_at32f403a_407.o(.text)
    EXINT3_IRQHandler                        0x08000317   Thumb Code     0  startup_at32f403a_407.o(.text)
    EXINT4_IRQHandler                        0x08000317   Thumb Code     0  startup_at32f403a_407.o(.text)
    EXINT9_5_IRQHandler                      0x08000317   Thumb Code     0  startup_at32f403a_407.o(.text)
    FLASH_IRQHandler                         0x08000317   Thumb Code     0  startup_at32f403a_407.o(.text)
    I2C1_ERR_IRQHandler                      0x08000317   Thumb Code     0  startup_at32f403a_407.o(.text)
    I2C1_EVT_IRQHandler                      0x08000317   Thumb Code     0  startup_at32f403a_407.o(.text)
    I2C2_ERR_IRQHandler                      0x08000317   Thumb Code     0  startup_at32f403a_407.o(.text)
    I2C2_EVT_IRQHandler                      0x08000317   Thumb Code     0  startup_at32f403a_407.o(.text)
    I2C3_ERR_IRQHandler                      0x08000317   Thumb Code     0  startup_at32f403a_407.o(.text)
    I2C3_EVT_IRQHandler                      0x08000317   Thumb Code     0  startup_at32f403a_407.o(.text)
    PVM_IRQHandler                           0x08000317   Thumb Code     0  startup_at32f403a_407.o(.text)
    RTCAlarm_IRQHandler                      0x08000317   Thumb Code     0  startup_at32f403a_407.o(.text)
    RTC_IRQHandler                           0x08000317   Thumb Code     0  startup_at32f403a_407.o(.text)
    SDIO1_IRQHandler                         0x08000317   Thumb Code     0  startup_at32f403a_407.o(.text)
    SDIO2_IRQHandler                         0x08000317   Thumb Code     0  startup_at32f403a_407.o(.text)
    SPI1_IRQHandler                          0x08000317   Thumb Code     0  startup_at32f403a_407.o(.text)
    SPI2_I2S2EXT_IRQHandler                  0x08000317   Thumb Code     0  startup_at32f403a_407.o(.text)
    SPI3_I2S3EXT_IRQHandler                  0x08000317   Thumb Code     0  startup_at32f403a_407.o(.text)
    SPI4_IRQHandler                          0x08000317   Thumb Code     0  startup_at32f403a_407.o(.text)
    TAMPER_IRQHandler                        0x08000317   Thumb Code     0  startup_at32f403a_407.o(.text)
    TMR1_BRK_TMR9_IRQHandler                 0x08000317   Thumb Code     0  startup_at32f403a_407.o(.text)
    TMR1_CH_IRQHandler                       0x08000317   Thumb Code     0  startup_at32f403a_407.o(.text)
    TMR1_OVF_TMR10_IRQHandler                0x08000317   Thumb Code     0  startup_at32f403a_407.o(.text)
    TMR1_TRG_HALL_TMR11_IRQHandler           0x08000317   Thumb Code     0  startup_at32f403a_407.o(.text)
    TMR2_GLOBAL_IRQHandler                   0x08000317   Thumb Code     0  startup_at32f403a_407.o(.text)
    TMR3_GLOBAL_IRQHandler                   0x08000317   Thumb Code     0  startup_at32f403a_407.o(.text)
    TMR4_GLOBAL_IRQHandler                   0x08000317   Thumb Code     0  startup_at32f403a_407.o(.text)
    TMR5_GLOBAL_IRQHandler                   0x08000317   Thumb Code     0  startup_at32f403a_407.o(.text)
    TMR6_GLOBAL_IRQHandler                   0x08000317   Thumb Code     0  startup_at32f403a_407.o(.text)
    TMR7_GLOBAL_IRQHandler                   0x08000317   Thumb Code     0  startup_at32f403a_407.o(.text)
    TMR8_BRK_TMR12_IRQHandler                0x08000317   Thumb Code     0  startup_at32f403a_407.o(.text)
    TMR8_CH_IRQHandler                       0x08000317   Thumb Code     0  startup_at32f403a_407.o(.text)
    TMR8_OVF_TMR13_IRQHandler                0x08000317   Thumb Code     0  startup_at32f403a_407.o(.text)
    TMR8_TRG_HALL_TMR14_IRQHandler           0x08000317   Thumb Code     0  startup_at32f403a_407.o(.text)
    UART4_IRQHandler                         0x08000317   Thumb Code     0  startup_at32f403a_407.o(.text)
    UART5_IRQHandler                         0x08000317   Thumb Code     0  startup_at32f403a_407.o(.text)
    UART7_IRQHandler                         0x08000317   Thumb Code     0  startup_at32f403a_407.o(.text)
    UART8_IRQHandler                         0x08000317   Thumb Code     0  startup_at32f403a_407.o(.text)
    USART1_IRQHandler                        0x08000317   Thumb Code     0  startup_at32f403a_407.o(.text)
    USART2_IRQHandler                        0x08000317   Thumb Code     0  startup_at32f403a_407.o(.text)
    USART3_IRQHandler                        0x08000317   Thumb Code     0  startup_at32f403a_407.o(.text)
    USART6_IRQHandler                        0x08000317   Thumb Code     0  startup_at32f403a_407.o(.text)
    USBFSWakeUp_IRQHandler                   0x08000317   Thumb Code     0  startup_at32f403a_407.o(.text)
    USBFS_H_CAN1_TX_IRQHandler               0x08000317   Thumb Code     0  startup_at32f403a_407.o(.text)
    USBFS_L_CAN1_RX0_IRQHandler              0x08000317   Thumb Code     0  startup_at32f403a_407.o(.text)
    USBFS_MAPH_IRQHandler                    0x08000317   Thumb Code     0  startup_at32f403a_407.o(.text)
    USBFS_MAPL_IRQHandler                    0x08000317   Thumb Code     0  startup_at32f403a_407.o(.text)
    WWDT_IRQHandler                          0x08000317   Thumb Code     0  startup_at32f403a_407.o(.text)
    XMC_IRQHandler                           0x08000317   Thumb Code     0  startup_at32f403a_407.o(.text)
    __user_initial_stackheap                 0x08000319   Thumb Code     0  startup_at32f403a_407.o(.text)
    __use_no_semihosting                     0x0800033d   Thumb Code     2  use_no_semi_2.o(.text)
    printf                                   0x08000341   Thumb Code    20  printf.o(.text)
    __use_two_region_memory                  0x08000359   Thumb Code     2  heapauxi.o(.text)
    __rt_heap_escrow$2region                 0x0800035b   Thumb Code     2  heapauxi.o(.text)
    __rt_heap_expand$2region                 0x0800035d   Thumb Code     2  heapauxi.o(.text)
    __I$use$semihosting                      0x0800035f   Thumb Code     0  use_no_semi.o(.text)
    __use_no_semihosting_swi                 0x0800035f   Thumb Code     2  use_no_semi.o(.text)
    _printf_pre_padding                      0x08000361   Thumb Code    44  _printf_pad.o(.text)
    _printf_post_padding                     0x0800038d   Thumb Code    34  _printf_pad.o(.text)
    _printf_truncate_signed                  0x080003af   Thumb Code    18  _printf_truncate.o(.text)
    _printf_truncate_unsigned                0x080003c1   Thumb Code    18  _printf_truncate.o(.text)
    _printf_str                              0x080003d3   Thumb Code    82  _printf_str.o(.text)
    _printf_int_dec                          0x08000425   Thumb Code   104  _printf_dec.o(.text)
    _printf_charcount                        0x0800049d   Thumb Code    40  _printf_charcount.o(.text)
    _printf_char_file                        0x080004c5   Thumb Code    32  _printf_char_file.o(.text)
    _printf_wctomb                           0x080004e9   Thumb Code   182  _printf_wctomb.o(.text)
    _printf_longlong_dec                     0x080005a5   Thumb Code   108  _printf_longlong_dec.o(.text)
    _printf_longlong_oct                     0x08000621   Thumb Code    68  _printf_oct_int_ll.o(.text)
    _printf_int_oct                          0x08000665   Thumb Code    24  _printf_oct_int_ll.o(.text)
    _printf_ll_oct                           0x0800067d   Thumb Code    12  _printf_oct_int_ll.o(.text)
    _printf_longlong_hex                     0x08000691   Thumb Code    86  _printf_hex_int_ll_ptr.o(.text)
    _printf_int_hex                          0x080006e7   Thumb Code    28  _printf_hex_int_ll_ptr.o(.text)
    _printf_ll_hex                           0x08000703   Thumb Code    12  _printf_hex_int_ll_ptr.o(.text)
    _printf_hex_ptr                          0x0800070f   Thumb Code    18  _printf_hex_int_ll_ptr.o(.text)
    __printf                                 0x08000725   Thumb Code   388  __printf_flags_ss_wp.o(.text)
    _ll_udiv10                               0x080008ad   Thumb Code   138  lludiv10.o(.text)
    _printf_int_common                       0x08000937   Thumb Code   178  _printf_intcommon.o(.text)
    _printf_fp_dec_real                      0x08000b99   Thumb Code   620  _printf_fp_dec.o(.text)
    _printf_fp_hex_real                      0x08000e05   Thumb Code   756  _printf_fp_hex.o(.text)
    _printf_char_common                      0x0800110b   Thumb Code    32  _printf_char_common.o(.text)
    _printf_cs_common                        0x08001131   Thumb Code    20  _printf_char.o(.text)
    _printf_char                             0x08001145   Thumb Code    16  _printf_char.o(.text)
    _printf_string                           0x08001155   Thumb Code     8  _printf_char.o(.text)
    _printf_lcs_common                       0x0800115d   Thumb Code    20  _printf_wchar.o(.text)
    _printf_wchar                            0x08001171   Thumb Code    16  _printf_wchar.o(.text)
    _printf_wstring                          0x08001181   Thumb Code     8  _printf_wchar.o(.text)
    ferror                                   0x08001189   Thumb Code     8  ferror.o(.text)
    _c16rtomb                                0x08001191   Thumb Code    72  _c16rtomb.o(.text)
    _wcrtomb                                 0x08001191   Thumb Code     0  _c16rtomb.o(.text)
    __user_setup_stackheap                   0x080011d9   Thumb Code    74  sys_stackheap_outer.o(.text)
    __rt_ctype_table                         0x08001225   Thumb Code    16  rt_ctype_table.o(.text)
    __rt_locale                              0x08001235   Thumb Code     8  rt_locale_intlibspace.o(.text)
    _printf_fp_infnan                        0x0800123d   Thumb Code   112  _printf_fp_infnan.o(.text)
    _btod_etento                             0x080012bd   Thumb Code   224  bigflt0.o(.text)
    exit                                     0x080013a1   Thumb Code    18  exit.o(.text)
    __user_libspace                          0x080013b5   Thumb Code     8  libspace.o(.text)
    __user_perproc_libspace                  0x080013b5   Thumb Code     0  libspace.o(.text)
    __user_perthread_libspace                0x080013b5   Thumb Code     0  libspace.o(.text)
    strcmp                                   0x080013c1   Thumb Code   124  strcmpv7em.o(.text)
    BusFault_Handler                         0x0800143d   Thumb Code     4  at32f403a_407_int.o(.text.BusFault_Handler)
    DebugMon_Handler                         0x08001441   Thumb Code     2  at32f403a_407_int.o(.text.DebugMon_Handler)
    EXINT0_IRQHandler                        0x08001445   Thumb Code     8  main.o(.text.EXINT0_IRQHandler)
    HardFault_Handler                        0x0800144d   Thumb Code     4  at32f403a_407_int.o(.text.HardFault_Handler)
    MemManage_Handler                        0x08001451   Thumb Code     4  at32f403a_407_int.o(.text.MemManage_Handler)
    NMI_Handler                              0x08001455   Thumb Code     2  at32f403a_407_int.o(.text.NMI_Handler)
    PendSV_Handler                           0x080014c5   Thumb Code     2  at32f403a_407_int.o(.text.PendSV_Handler)
    SVC_Handler                              0x080014c9   Thumb Code     2  at32f403a_407_int.o(.text.SVC_Handler)
    SysTick_Handler                          0x080014cd   Thumb Code     2  at32f403a_407_int.o(.text.SysTick_Handler)
    SystemInit                               0x080014d1   Thumb Code   166  system_at32f403a_407.o(.text.SystemInit)
    UsageFault_Handler                       0x08001579   Thumb Code     4  at32f403a_407_int.o(.text.UsageFault_Handler)
    _sys_exit                                0x0800163d   Thumb Code     8  at32f403a_407_board.o(.text._sys_exit)
    at32_board_init                          0x08001645   Thumb Code    58  at32f403a_407_board.o(.text.at32_board_init)
    at32_button_init                         0x08001681   Thumb Code    68  at32f403a_407_board.o(.text.at32_button_init)
    at32_led_init                            0x080016c5   Thumb Code   108  at32f403a_407_board.o(.text.at32_led_init)
    at32_led_off                             0x08001731   Thumb Code    74  at32f403a_407_board.o(.text.at32_led_off)
    at32_led_toggle                          0x0800177d   Thumb Code    78  at32f403a_407_board.o(.text.at32_led_toggle)
    button_exint_init                        0x080017cd   Thumb Code    78  main.o(.text.button_exint_init)
    button_isr                               0x0800181d   Thumb Code    88  main.o(.text.button_isr)
    crm_ahb_div_set                          0x08001875   Thumb Code    38  at32f403a_407_crm.o(.text.crm_ahb_div_set)
    crm_apb1_div_set                         0x0800189d   Thumb Code    38  at32f403a_407_crm.o(.text.crm_apb1_div_set)
    crm_apb2_div_set                         0x080018c5   Thumb Code    38  at32f403a_407_crm.o(.text.crm_apb2_div_set)
    crm_auto_step_mode_enable                0x080018ed   Thumb Code    56  at32f403a_407_crm.o(.text.crm_auto_step_mode_enable)
    crm_clock_source_enable                  0x08001925   Thumb Code   166  at32f403a_407_crm.o(.text.crm_clock_source_enable)
    crm_clocks_freq_get                      0x080019cd   Thumb Code   480  at32f403a_407_crm.o(.text.crm_clocks_freq_get)
    crm_flag_get                             0x08001bad   Thumb Code    62  at32f403a_407_crm.o(.text.crm_flag_get)
    crm_hext_clock_div_set                   0x08001bed   Thumb Code    38  at32f403a_407_crm.o(.text.crm_hext_clock_div_set)
    crm_hext_stable_wait                     0x08001c15   Thumb Code   100  at32f403a_407_crm.o(.text.crm_hext_stable_wait)
    crm_periph_clock_enable                  0x08001c79   Thumb Code    82  at32f403a_407_crm.o(.text.crm_periph_clock_enable)
    crm_pll_config                           0x08001ccd   Thumb Code   188  at32f403a_407_crm.o(.text.crm_pll_config)
    crm_reset                                0x08001d89   Thumb Code   136  at32f403a_407_crm.o(.text.crm_reset)
    crm_sysclk_switch                        0x08001e11   Thumb Code    70  at32f403a_407_crm.o(.text.crm_sysclk_switch)
    crm_sysclk_switch_status_get             0x08001e59   Thumb Code    16  at32f403a_407_crm.o(.text.crm_sysclk_switch_status_get)
    delay_init                               0x08001e69   Thumb Code    62  at32f403a_407_board.o(.text.delay_init)
    delay_ms                                 0x08001ea9   Thumb Code   216  at32f403a_407_board.o(.text.delay_ms)
    exint_default_para_init                  0x08001f81   Thumb Code    28  at32f403a_407_exint.o(.text.exint_default_para_init)
    exint_flag_clear                         0x08001f9d   Thumb Code    60  at32f403a_407_exint.o(.text.exint_flag_clear)
    exint_init                               0x08001fd9   Thumb Code   228  at32f403a_407_exint.o(.text.exint_init)
    fputc                                    0x080020bd   Thumb Code    74  at32f403a_407_board.o(.text.fputc)
    gpio_default_para_init                   0x08002109   Thumb Code    38  at32f403a_407_gpio.o(.text.gpio_default_para_init)
    gpio_exint_line_config                   0x08002131   Thumb Code   220  at32f403a_407_gpio.o(.text.gpio_exint_line_config)
    gpio_init                                0x0800220d   Thumb Code   320  at32f403a_407_gpio.o(.text.gpio_init)
    gpio_input_data_bit_read                 0x0800234d   Thumb Code    54  at32f403a_407_gpio.o(.text.gpio_input_data_bit_read)
    main                                     0x08002385   Thumb Code    90  main.o(.text.main)
    nvic_irq_enable                          0x080023e1   Thumb Code    52  at32f403a_407_misc.o(.text.nvic_irq_enable)
    nvic_priority_group_config               0x08002415   Thumb Code    20  at32f403a_407_misc.o(.text.nvic_priority_group_config)
    system_clock_config                      0x08002429   Thumb Code   132  at32f403a_407_clock.o(.text.system_clock_config)
    system_core_clock_update                 0x080024ad   Thumb Code   414  system_at32f403a_407.o(.text.system_core_clock_update)
    systick_clock_source_config              0x0800264d   Thumb Code    56  at32f403a_407_misc.o(.text.systick_clock_source_config)
    uart_print_init                          0x08002685   Thumb Code   126  at32f403a_407_board.o(.text.uart_print_init)
    usart_data_transmit                      0x08002705   Thumb Code    24  at32f403a_407_usart.o(.text.usart_data_transmit)
    usart_enable                             0x0800271d   Thumb Code    34  at32f403a_407_usart.o(.text.usart_enable)
    usart_flag_get                           0x08002741   Thumb Code    42  at32f403a_407_usart.o(.text.usart_flag_get)
    usart_init                               0x0800276d   Thumb Code   254  at32f403a_407_usart.o(.text.usart_init)
    usart_transmitter_enable                 0x0800286d   Thumb Code    34  at32f403a_407_usart.o(.text.usart_transmitter_enable)
    _btod_d2e                                0x0800288f   Thumb Code    62  btod.o(CL$$btod_d2e)
    _d2e_denorm_low                          0x080028cd   Thumb Code    70  btod.o(CL$$btod_d2e_denorm_low)
    _d2e_norm_op1                            0x08002913   Thumb Code    96  btod.o(CL$$btod_d2e_norm_op1)
    __btod_div_common                        0x08002975   Thumb Code   696  btod.o(CL$$btod_div_common)
    _e2e                                     0x08002cad   Thumb Code   220  btod.o(CL$$btod_e2e)
    _btod_ediv                               0x08002d89   Thumb Code    42  btod.o(CL$$btod_ediv)
    _btod_emul                               0x08002db3   Thumb Code    42  btod.o(CL$$btod_emul)
    __btod_mult_common                       0x08002ddd   Thumb Code   580  btod.o(CL$$btod_mult_common)
    __ARM_fpclassify                         0x08003021   Thumb Code    48  fpclassify.o(i.__ARM_fpclassify)
    _is_digit                                0x08003051   Thumb Code    14  __printf_wp.o(i._is_digit)
    _get_lc_numeric                          0x08003061   Thumb Code    44  lc_numeric_c.o(locale$$code)
    _get_lc_ctype                            0x0800308d   Thumb Code    44  lc_ctype_c.o(locale$$code)
    _fp_init                                 0x080030b9   Thumb Code    26  fpinit.o(x$fpl$fpinit)
    __fplib_config_fpu_vfp                   0x080030d1   Thumb Code     0  fpinit.o(x$fpl$fpinit)
    __fplib_config_pureend_doubles           0x080030d1   Thumb Code     0  fpinit.o(x$fpl$fpinit)
    _printf_fp_dec                           0x080030d3   Thumb Code     4  printf1.o(x$fpl$printf1)
    _printf_fp_hex                           0x080030d7   Thumb Code     4  printf2.o(x$fpl$printf2)
    __I$use$fp                               0x080030da   Number         0  usenofp.o(x$fpl$usenofp)
    Region$$Table$$Base                      0x0800322c   Number         0  anon$$obj.o(Region$$Table)
    Region$$Table$$Limit                     0x0800324c   Number         0  anon$$obj.o(Region$$Table)
    __ctype                                  0x08003275   Data           0  lc_ctype_c.o(locale$$data)
    g_speed                                  0x20000000   Data           1  main.o(.data.g_speed)
    led_gpio_crm_clk                         0x20000004   Data          12  at32f403a_407_board.o(.data.led_gpio_crm_clk)
    led_gpio_pin                             0x20000010   Data           6  at32f403a_407_board.o(.data.led_gpio_pin)
    led_gpio_port                            0x20000018   Data          12  at32f403a_407_board.o(.data.led_gpio_port)
    system_core_clock                        0x20000024   Data           4  system_at32f403a_407.o(.data.system_core_clock)
    __libspace_start                         0x20000028   Data          96  libspace.o(.bss)
    __stdout                                 0x20000088   Data          84  at32f403a_407_board.o(.bss.__stdout)
    __temporary_stack_top$libspace           0x20000088   Data           0  libspace.o(.bss)



==============================================================================

Memory Map of the image

  Image Entry point : 0x08000185

  Load Region LR_IROM1 (Base: 0x08000000, Size: 0x000033a0, Max: 0x00100000, ABSOLUTE)

    Execution Region ER_IROM1 (Exec base: 0x08000000, Load base: 0x08000000, Size: 0x00003378, Max: 0x00100000, ABSOLUTE)

    Exec Addr    Load Addr    Size         Type   Attr      Idx    E Section Name        Object

    0x08000000   0x08000000   0x00000184   Data   RO         1551    RESET               startup_at32f403a_407.o
    0x08000184   0x08000184   0x00000008   Code   RO         1566  * !!!main             c_w.l(__main.o)
    0x0800018c   0x0800018c   0x0000005c   Code   RO         1899    !!!scatter          c_w.l(__scatter.o)
    0x080001e8   0x080001e8   0x0000001a   Code   RO         1903    !!handler_copy      c_w.l(__scatter_copy.o)
    0x08000202   0x08000202   0x00000002   PAD
    0x08000204   0x08000204   0x00000002   Code   RO         1900    !!handler_null      c_w.l(__scatter.o)
    0x08000206   0x08000206   0x00000002   PAD
    0x08000208   0x08000208   0x0000001c   Code   RO         1905    !!handler_zi        c_w.l(__scatter_zi.o)
    0x08000224   0x08000224   0x00000000   Code   RO         1650    .ARM.Collect$$_printf_percent$$00000000  c_w.l(_printf_percent.o)
    0x08000224   0x08000224   0x00000006   Code   RO         1639    .ARM.Collect$$_printf_percent$$00000001  c_w.l(_printf_n.o)
    0x0800022a   0x0800022a   0x00000006   Code   RO         1641    .ARM.Collect$$_printf_percent$$00000002  c_w.l(_printf_p.o)
    0x08000230   0x08000230   0x00000006   Code   RO         1646    .ARM.Collect$$_printf_percent$$00000003  c_w.l(_printf_f.o)
    0x08000236   0x08000236   0x00000006   Code   RO         1647    .ARM.Collect$$_printf_percent$$00000004  c_w.l(_printf_e.o)
    0x0800023c   0x0800023c   0x00000006   Code   RO         1648    .ARM.Collect$$_printf_percent$$00000005  c_w.l(_printf_g.o)
    0x08000242   0x08000242   0x00000006   Code   RO         1649    .ARM.Collect$$_printf_percent$$00000006  c_w.l(_printf_a.o)
    0x08000248   0x08000248   0x0000000a   Code   RO         1654    .ARM.Collect$$_printf_percent$$00000007  c_w.l(_printf_ll.o)
    0x08000252   0x08000252   0x00000006   Code   RO         1643    .ARM.Collect$$_printf_percent$$00000008  c_w.l(_printf_i.o)
    0x08000258   0x08000258   0x00000006   Code   RO         1644    .ARM.Collect$$_printf_percent$$00000009  c_w.l(_printf_d.o)
    0x0800025e   0x0800025e   0x00000006   Code   RO         1645    .ARM.Collect$$_printf_percent$$0000000A  c_w.l(_printf_u.o)
    0x08000264   0x08000264   0x00000006   Code   RO         1642    .ARM.Collect$$_printf_percent$$0000000B  c_w.l(_printf_o.o)
    0x0800026a   0x0800026a   0x00000006   Code   RO         1640    .ARM.Collect$$_printf_percent$$0000000C  c_w.l(_printf_x.o)
    0x08000270   0x08000270   0x00000006   Code   RO         1651    .ARM.Collect$$_printf_percent$$0000000D  c_w.l(_printf_lli.o)
    0x08000276   0x08000276   0x00000006   Code   RO         1652    .ARM.Collect$$_printf_percent$$0000000E  c_w.l(_printf_lld.o)
    0x0800027c   0x0800027c   0x00000006   Code   RO         1653    .ARM.Collect$$_printf_percent$$0000000F  c_w.l(_printf_llu.o)
    0x08000282   0x08000282   0x00000006   Code   RO         1658    .ARM.Collect$$_printf_percent$$00000010  c_w.l(_printf_llo.o)
    0x08000288   0x08000288   0x00000006   Code   RO         1659    .ARM.Collect$$_printf_percent$$00000011  c_w.l(_printf_llx.o)
    0x0800028e   0x0800028e   0x0000000a   Code   RO         1655    .ARM.Collect$$_printf_percent$$00000012  c_w.l(_printf_l.o)
    0x08000298   0x08000298   0x00000006   Code   RO         1637    .ARM.Collect$$_printf_percent$$00000013  c_w.l(_printf_c.o)
    0x0800029e   0x0800029e   0x00000006   Code   RO         1638    .ARM.Collect$$_printf_percent$$00000014  c_w.l(_printf_s.o)
    0x080002a4   0x080002a4   0x00000006   Code   RO         1656    .ARM.Collect$$_printf_percent$$00000015  c_w.l(_printf_lc.o)
    0x080002aa   0x080002aa   0x00000006   Code   RO         1657    .ARM.Collect$$_printf_percent$$00000016  c_w.l(_printf_ls.o)
    0x080002b0   0x080002b0   0x00000004   Code   RO         1700    .ARM.Collect$$_printf_percent$$00000017  c_w.l(_printf_percent_end.o)
    0x080002b4   0x080002b4   0x00000002   Code   RO         1757    .ARM.Collect$$libinit$$00000000  c_w.l(libinit.o)
    0x080002b6   0x080002b6   0x00000004   Code   RO         1775    .ARM.Collect$$libinit$$00000001  c_w.l(libinit2.o)
    0x080002ba   0x080002ba   0x00000000   Code   RO         1778    .ARM.Collect$$libinit$$00000004  c_w.l(libinit2.o)
    0x080002ba   0x080002ba   0x00000000   Code   RO         1780    .ARM.Collect$$libinit$$00000006  c_w.l(libinit2.o)
    0x080002ba   0x080002ba   0x00000000   Code   RO         1783    .ARM.Collect$$libinit$$0000000C  c_w.l(libinit2.o)
    0x080002ba   0x080002ba   0x00000000   Code   RO         1785    .ARM.Collect$$libinit$$0000000E  c_w.l(libinit2.o)
    0x080002ba   0x080002ba   0x00000000   Code   RO         1787    .ARM.Collect$$libinit$$00000010  c_w.l(libinit2.o)
    0x080002ba   0x080002ba   0x00000006   Code   RO         1788    .ARM.Collect$$libinit$$00000011  c_w.l(libinit2.o)
    0x080002c0   0x080002c0   0x00000000   Code   RO         1790    .ARM.Collect$$libinit$$00000013  c_w.l(libinit2.o)
    0x080002c0   0x080002c0   0x0000000c   Code   RO         1791    .ARM.Collect$$libinit$$00000014  c_w.l(libinit2.o)
    0x080002cc   0x080002cc   0x00000000   Code   RO         1792    .ARM.Collect$$libinit$$00000015  c_w.l(libinit2.o)
    0x080002cc   0x080002cc   0x00000000   Code   RO         1794    .ARM.Collect$$libinit$$00000017  c_w.l(libinit2.o)
    0x080002cc   0x080002cc   0x0000000a   Code   RO         1795    .ARM.Collect$$libinit$$00000018  c_w.l(libinit2.o)
    0x080002d6   0x080002d6   0x00000000   Code   RO         1796    .ARM.Collect$$libinit$$00000019  c_w.l(libinit2.o)
    0x080002d6   0x080002d6   0x00000000   Code   RO         1798    .ARM.Collect$$libinit$$0000001B  c_w.l(libinit2.o)
    0x080002d6   0x080002d6   0x00000000   Code   RO         1800    .ARM.Collect$$libinit$$0000001D  c_w.l(libinit2.o)
    0x080002d6   0x080002d6   0x00000000   Code   RO         1802    .ARM.Collect$$libinit$$0000001F  c_w.l(libinit2.o)
    0x080002d6   0x080002d6   0x00000000   Code   RO         1804    .ARM.Collect$$libinit$$00000021  c_w.l(libinit2.o)
    0x080002d6   0x080002d6   0x00000000   Code   RO         1806    .ARM.Collect$$libinit$$00000023  c_w.l(libinit2.o)
    0x080002d6   0x080002d6   0x00000000   Code   RO         1808    .ARM.Collect$$libinit$$00000025  c_w.l(libinit2.o)
    0x080002d6   0x080002d6   0x00000000   Code   RO         1810    .ARM.Collect$$libinit$$00000027  c_w.l(libinit2.o)
    0x080002d6   0x080002d6   0x00000000   Code   RO         1814    .ARM.Collect$$libinit$$0000002E  c_w.l(libinit2.o)
    0x080002d6   0x080002d6   0x00000000   Code   RO         1816    .ARM.Collect$$libinit$$00000030  c_w.l(libinit2.o)
    0x080002d6   0x080002d6   0x00000000   Code   RO         1818    .ARM.Collect$$libinit$$00000032  c_w.l(libinit2.o)
    0x080002d6   0x080002d6   0x00000000   Code   RO         1820    .ARM.Collect$$libinit$$00000034  c_w.l(libinit2.o)
    0x080002d6   0x080002d6   0x00000002   Code   RO         1821    .ARM.Collect$$libinit$$00000035  c_w.l(libinit2.o)
    0x080002d8   0x080002d8   0x00000002   Code   RO         1841    .ARM.Collect$$libshutdown$$00000000  c_w.l(libshutdown.o)
    0x080002da   0x080002da   0x00000000   Code   RO         1853    .ARM.Collect$$libshutdown$$00000002  c_w.l(libshutdown2.o)
    0x080002da   0x080002da   0x00000000   Code   RO         1855    .ARM.Collect$$libshutdown$$00000004  c_w.l(libshutdown2.o)
    0x080002da   0x080002da   0x00000000   Code   RO         1858    .ARM.Collect$$libshutdown$$00000007  c_w.l(libshutdown2.o)
    0x080002da   0x080002da   0x00000000   Code   RO         1861    .ARM.Collect$$libshutdown$$0000000A  c_w.l(libshutdown2.o)
    0x080002da   0x080002da   0x00000000   Code   RO         1863    .ARM.Collect$$libshutdown$$0000000C  c_w.l(libshutdown2.o)
    0x080002da   0x080002da   0x00000000   Code   RO         1866    .ARM.Collect$$libshutdown$$0000000F  c_w.l(libshutdown2.o)
    0x080002da   0x080002da   0x00000002   Code   RO         1867    .ARM.Collect$$libshutdown$$00000010  c_w.l(libshutdown2.o)
    0x080002dc   0x080002dc   0x00000000   Code   RO         1570    .ARM.Collect$$rtentry$$00000000  c_w.l(__rtentry.o)
    0x080002dc   0x080002dc   0x00000000   Code   RO         1669    .ARM.Collect$$rtentry$$00000002  c_w.l(__rtentry2.o)
    0x080002dc   0x080002dc   0x00000006   Code   RO         1681    .ARM.Collect$$rtentry$$00000004  c_w.l(__rtentry4.o)
    0x080002e2   0x080002e2   0x00000000   Code   RO         1671    .ARM.Collect$$rtentry$$00000009  c_w.l(__rtentry2.o)
    0x080002e2   0x080002e2   0x00000004   Code   RO         1672    .ARM.Collect$$rtentry$$0000000A  c_w.l(__rtentry2.o)
    0x080002e6   0x080002e6   0x00000000   Code   RO         1674    .ARM.Collect$$rtentry$$0000000C  c_w.l(__rtentry2.o)
    0x080002e6   0x080002e6   0x00000008   Code   RO         1675    .ARM.Collect$$rtentry$$0000000D  c_w.l(__rtentry2.o)
    0x080002ee   0x080002ee   0x00000002   Code   RO         1766    .ARM.Collect$$rtexit$$00000000  c_w.l(rtexit.o)
    0x080002f0   0x080002f0   0x00000000   Code   RO         1823    .ARM.Collect$$rtexit$$00000002  c_w.l(rtexit2.o)
    0x080002f0   0x080002f0   0x00000004   Code   RO         1824    .ARM.Collect$$rtexit$$00000003  c_w.l(rtexit2.o)
    0x080002f4   0x080002f4   0x00000006   Code   RO         1825    .ARM.Collect$$rtexit$$00000004  c_w.l(rtexit2.o)
    0x080002fa   0x080002fa   0x00000002   PAD
    0x080002fc   0x080002fc   0x00000040   Code   RO         1552    .text               startup_at32f403a_407.o
    0x0800033c   0x0800033c   0x00000002   Code   RO         1560    .text               c_w.l(use_no_semi_2.o)
    0x0800033e   0x0800033e   0x00000002   PAD
    0x08000340   0x08000340   0x00000018   Code   RO         1562    .text               c_w.l(printf.o)
    0x08000358   0x08000358   0x00000006   Code   RO         1564    .text               c_w.l(heapauxi.o)
    0x0800035e   0x0800035e   0x00000002   Code   RO         1568    .text               c_w.l(use_no_semi.o)
    0x08000360   0x08000360   0x0000004e   Code   RO         1573    .text               c_w.l(_printf_pad.o)
    0x080003ae   0x080003ae   0x00000024   Code   RO         1575    .text               c_w.l(_printf_truncate.o)
    0x080003d2   0x080003d2   0x00000052   Code   RO         1577    .text               c_w.l(_printf_str.o)
    0x08000424   0x08000424   0x00000078   Code   RO         1579    .text               c_w.l(_printf_dec.o)
    0x0800049c   0x0800049c   0x00000028   Code   RO         1581    .text               c_w.l(_printf_charcount.o)
    0x080004c4   0x080004c4   0x00000024   Code   RO         1583    .text               c_w.l(_printf_char_file.o)
    0x080004e8   0x080004e8   0x000000bc   Code   RO         1585    .text               c_w.l(_printf_wctomb.o)
    0x080005a4   0x080005a4   0x0000007c   Code   RO         1588    .text               c_w.l(_printf_longlong_dec.o)
    0x08000620   0x08000620   0x00000070   Code   RO         1594    .text               c_w.l(_printf_oct_int_ll.o)
    0x08000690   0x08000690   0x00000094   Code   RO         1614    .text               c_w.l(_printf_hex_int_ll_ptr.o)
    0x08000724   0x08000724   0x00000188   Code   RO         1634    .text               c_w.l(__printf_flags_ss_wp.o)
    0x080008ac   0x080008ac   0x0000008a   Code   RO         1683    .text               c_w.l(lludiv10.o)
    0x08000936   0x08000936   0x000000b2   Code   RO         1685    .text               c_w.l(_printf_intcommon.o)
    0x080009e8   0x080009e8   0x0000041c   Code   RO         1687    .text               c_w.l(_printf_fp_dec.o)
    0x08000e04   0x08000e04   0x000002fc   Code   RO         1691    .text               c_w.l(_printf_fp_hex.o)
    0x08001100   0x08001100   0x00000030   Code   RO         1694    .text               c_w.l(_printf_char_common.o)
    0x08001130   0x08001130   0x0000002c   Code   RO         1696    .text               c_w.l(_printf_char.o)
    0x0800115c   0x0800115c   0x0000002c   Code   RO         1698    .text               c_w.l(_printf_wchar.o)
    0x08001188   0x08001188   0x00000008   Code   RO         1701    .text               c_w.l(ferror.o)
    0x08001190   0x08001190   0x00000048   Code   RO         1705    .text               c_w.l(_c16rtomb.o)
    0x080011d8   0x080011d8   0x0000004a   Code   RO         1707    .text               c_w.l(sys_stackheap_outer.o)
    0x08001222   0x08001222   0x00000002   PAD
    0x08001224   0x08001224   0x00000010   Code   RO         1709    .text               c_w.l(rt_ctype_table.o)
    0x08001234   0x08001234   0x00000008   Code   RO         1714    .text               c_w.l(rt_locale_intlibspace.o)
    0x0800123c   0x0800123c   0x00000080   Code   RO         1716    .text               c_w.l(_printf_fp_infnan.o)
    0x080012bc   0x080012bc   0x000000e4   Code   RO         1720    .text               c_w.l(bigflt0.o)
    0x080013a0   0x080013a0   0x00000012   Code   RO         1750    .text               c_w.l(exit.o)
    0x080013b2   0x080013b2   0x00000002   PAD
    0x080013b4   0x080013b4   0x00000008   Code   RO         1763    .text               c_w.l(libspace.o)
    0x080013bc   0x080013bc   0x00000004   PAD
    0x080013c0   0x080013c0   0x0000007c   Code   RO         1773    .text               c_w.l(strcmpv7em.o)
    0x0800143c   0x0800143c   0x00000004   Code   RO           80    .text.BusFault_Handler  at32f403a_407_int.o
    0x08001440   0x08001440   0x00000002   Code   RO           86    .text.DebugMon_Handler  at32f403a_407_int.o
    0x08001442   0x08001442   0x00000002   PAD
    0x08001444   0x08001444   0x00000008   Code   RO            6    .text.EXINT0_IRQHandler  main.o
    0x0800144c   0x0800144c   0x00000004   Code   RO           76    .text.HardFault_Handler  at32f403a_407_int.o
    0x08001450   0x08001450   0x00000004   Code   RO           78    .text.MemManage_Handler  at32f403a_407_int.o
    0x08001454   0x08001454   0x00000002   Code   RO           74    .text.NMI_Handler   at32f403a_407_int.o
    0x08001456   0x08001456   0x00000002   PAD
    0x08001458   0x08001458   0x0000006c   Code   RO         1019    .text.NVIC_EncodePriority  at32f403a_407_misc.o
    0x080014c4   0x080014c4   0x00000002   Code   RO           88    .text.PendSV_Handler  at32f403a_407_int.o
    0x080014c6   0x080014c6   0x00000002   PAD
    0x080014c8   0x080014c8   0x00000002   Code   RO           84    .text.SVC_Handler   at32f403a_407_int.o
    0x080014ca   0x080014ca   0x00000002   PAD
    0x080014cc   0x080014cc   0x00000002   Code   RO           90    .text.SysTick_Handler  at32f403a_407_int.o
    0x080014ce   0x080014ce   0x00000002   PAD
    0x080014d0   0x080014d0   0x000000a6   Code   RO           99    .text.SystemInit    system_at32f403a_407.o
    0x08001576   0x08001576   0x00000002   PAD
    0x08001578   0x08001578   0x00000004   Code   RO           82    .text.UsageFault_Handler  at32f403a_407_int.o
    0x0800157c   0x0800157c   0x00000030   Code   RO         1025    .text.__NVIC_EnableIRQ  at32f403a_407_misc.o
    0x080015ac   0x080015ac   0x00000010   Code   RO         1021    .text.__NVIC_GetPriorityGrouping  at32f403a_407_misc.o
    0x080015bc   0x080015bc   0x00000042   Code   RO         1023    .text.__NVIC_SetPriority  at32f403a_407_misc.o
    0x080015fe   0x080015fe   0x00000002   PAD
    0x08001600   0x08001600   0x0000003c   Code   RO         1033    .text.__NVIC_SetPriorityGrouping  at32f403a_407_misc.o
    0x0800163c   0x0800163c   0x00000008   Code   RO           20    .text._sys_exit     at32f403a_407_board.o
    0x08001644   0x08001644   0x0000003a   Code   RO           28    .text.at32_board_init  at32f403a_407_board.o
    0x0800167e   0x0800167e   0x00000002   PAD
    0x08001680   0x08001680   0x00000044   Code   RO           36    .text.at32_button_init  at32f403a_407_board.o
    0x080016c4   0x080016c4   0x0000006c   Code   RO           32    .text.at32_led_init  at32f403a_407_board.o
    0x08001730   0x08001730   0x0000004a   Code   RO           34    .text.at32_led_off  at32f403a_407_board.o
    0x0800177a   0x0800177a   0x00000002   PAD
    0x0800177c   0x0800177c   0x0000004e   Code   RO           46    .text.at32_led_toggle  at32f403a_407_board.o
    0x080017ca   0x080017ca   0x00000002   PAD
    0x080017cc   0x080017cc   0x0000004e   Code   RO            2    .text.button_exint_init  main.o
    0x0800181a   0x0800181a   0x00000002   PAD
    0x0800181c   0x0800181c   0x00000058   Code   RO            4    .text.button_isr    main.o
    0x08001874   0x08001874   0x00000026   Code   RO          373    .text.crm_ahb_div_set  at32f403a_407_crm.o
    0x0800189a   0x0800189a   0x00000002   PAD
    0x0800189c   0x0800189c   0x00000026   Code   RO          375    .text.crm_apb1_div_set  at32f403a_407_crm.o
    0x080018c2   0x080018c2   0x00000002   PAD
    0x080018c4   0x080018c4   0x00000026   Code   RO          377    .text.crm_apb2_div_set  at32f403a_407_crm.o
    0x080018ea   0x080018ea   0x00000002   PAD
    0x080018ec   0x080018ec   0x00000038   Code   RO          399    .text.crm_auto_step_mode_enable  at32f403a_407_crm.o
    0x08001924   0x08001924   0x000000a6   Code   RO          365    .text.crm_clock_source_enable  at32f403a_407_crm.o
    0x080019ca   0x080019ca   0x00000002   PAD
    0x080019cc   0x080019cc   0x000001e0   Code   RO          393    .text.crm_clocks_freq_get  at32f403a_407_crm.o
    0x08001bac   0x08001bac   0x0000003e   Code   RO          349    .text.crm_flag_get  at32f403a_407_crm.o
    0x08001bea   0x08001bea   0x00000002   PAD
    0x08001bec   0x08001bec   0x00000026   Code   RO          411    .text.crm_hext_clock_div_set  at32f403a_407_crm.o
    0x08001c12   0x08001c12   0x00000002   PAD
    0x08001c14   0x08001c14   0x00000064   Code   RO          353    .text.crm_hext_stable_wait  at32f403a_407_crm.o
    0x08001c78   0x08001c78   0x00000052   Code   RO          359    .text.crm_periph_clock_enable  at32f403a_407_crm.o
    0x08001cca   0x08001cca   0x00000002   PAD
    0x08001ccc   0x08001ccc   0x000000bc   Code   RO          387    .text.crm_pll_config  at32f403a_407_crm.o
    0x08001d88   0x08001d88   0x00000088   Code   RO          343    .text.crm_reset     at32f403a_407_crm.o
    0x08001e10   0x08001e10   0x00000046   Code   RO          389    .text.crm_sysclk_switch  at32f403a_407_crm.o
    0x08001e56   0x08001e56   0x00000002   PAD
    0x08001e58   0x08001e58   0x00000010   Code   RO          391    .text.crm_sysclk_switch_status_get  at32f403a_407_crm.o
    0x08001e68   0x08001e68   0x0000003e   Code   RO           30    .text.delay_init    at32f403a_407_board.o
    0x08001ea6   0x08001ea6   0x00000002   PAD
    0x08001ea8   0x08001ea8   0x000000d8   Code   RO           42    .text.delay_ms      at32f403a_407_board.o
    0x08001f80   0x08001f80   0x0000001c   Code   RO          776    .text.exint_default_para_init  at32f403a_407_exint.o
    0x08001f9c   0x08001f9c   0x0000003c   Code   RO          780    .text.exint_flag_clear  at32f403a_407_exint.o
    0x08001fd8   0x08001fd8   0x000000e4   Code   RO          778    .text.exint_init    at32f403a_407_exint.o
    0x080020bc   0x080020bc   0x0000004a   Code   RO           24    .text.fputc         at32f403a_407_board.o
    0x08002106   0x08002106   0x00000002   PAD
    0x08002108   0x08002108   0x00000026   Code   RO          907    .text.gpio_default_para_init  at32f403a_407_gpio.o
    0x0800212e   0x0800212e   0x00000002   PAD
    0x08002130   0x08002130   0x000000dc   Code   RO          935    .text.gpio_exint_line_config  at32f403a_407_gpio.o
    0x0800220c   0x0800220c   0x00000140   Code   RO          905    .text.gpio_init     at32f403a_407_gpio.o
    0x0800234c   0x0800234c   0x00000036   Code   RO          909    .text.gpio_input_data_bit_read  at32f403a_407_gpio.o
    0x08002382   0x08002382   0x00000002   PAD
    0x08002384   0x08002384   0x0000005a   Code   RO            8    .text.main          main.o
    0x080023de   0x080023de   0x00000002   PAD
    0x080023e0   0x080023e0   0x00000034   Code   RO         1017    .text.nvic_irq_enable  at32f403a_407_misc.o
    0x08002414   0x08002414   0x00000014   Code   RO         1031    .text.nvic_priority_group_config  at32f403a_407_misc.o
    0x08002428   0x08002428   0x00000084   Code   RO           66    .text.system_clock_config  at32f403a_407_clock.o
    0x080024ac   0x080024ac   0x0000019e   Code   RO          101    .text.system_core_clock_update  system_at32f403a_407.o
    0x0800264a   0x0800264a   0x00000002   PAD
    0x0800264c   0x0800264c   0x00000038   Code   RO         1039    .text.systick_clock_source_config  at32f403a_407_misc.o
    0x08002684   0x08002684   0x0000007e   Code   RO           26    .text.uart_print_init  at32f403a_407_board.o
    0x08002702   0x08002702   0x00000002   PAD
    0x08002704   0x08002704   0x00000018   Code   RO         1377    .text.usart_data_transmit  at32f403a_407_usart.o
    0x0800271c   0x0800271c   0x00000022   Code   RO         1351    .text.usart_enable  at32f403a_407_usart.o
    0x0800273e   0x0800273e   0x00000002   PAD
    0x08002740   0x08002740   0x0000002a   Code   RO         1399    .text.usart_flag_get  at32f403a_407_usart.o
    0x0800276a   0x0800276a   0x00000002   PAD
    0x0800276c   0x0800276c   0x000000fe   Code   RO         1347    .text.usart_init    at32f403a_407_usart.o
    0x0800286a   0x0800286a   0x00000002   PAD
    0x0800286c   0x0800286c   0x00000022   Code   RO         1353    .text.usart_transmitter_enable  at32f403a_407_usart.o
    0x0800288e   0x0800288e   0x0000003e   Code   RO         1723    CL$$btod_d2e        c_w.l(btod.o)
    0x080028cc   0x080028cc   0x00000046   Code   RO         1725    CL$$btod_d2e_denorm_low  c_w.l(btod.o)
    0x08002912   0x08002912   0x00000060   Code   RO         1724    CL$$btod_d2e_norm_op1  c_w.l(btod.o)
    0x08002972   0x08002972   0x00000002   PAD
    0x08002974   0x08002974   0x00000338   Code   RO         1733    CL$$btod_div_common  c_w.l(btod.o)
    0x08002cac   0x08002cac   0x000000dc   Code   RO         1730    CL$$btod_e2e        c_w.l(btod.o)
    0x08002d88   0x08002d88   0x0000002a   Code   RO         1727    CL$$btod_ediv       c_w.l(btod.o)
    0x08002db2   0x08002db2   0x0000002a   Code   RO         1726    CL$$btod_emul       c_w.l(btod.o)
    0x08002ddc   0x08002ddc   0x00000244   Code   RO         1732    CL$$btod_mult_common  c_w.l(btod.o)
    0x08003020   0x08003020   0x00000030   Code   RO         1761    i.__ARM_fpclassify  m_wm.l(fpclassify.o)
    0x08003050   0x08003050   0x0000000e   Code   RO         1627    i._is_digit         c_w.l(__printf_wp.o)
    0x0800305e   0x0800305e   0x00000002   PAD
    0x08003060   0x08003060   0x0000002c   Code   RO         1748    locale$$code        c_w.l(lc_numeric_c.o)
    0x0800308c   0x0800308c   0x0000002c   Code   RO         1771    locale$$code        c_w.l(lc_ctype_c.o)
    0x080030b8   0x080030b8   0x0000001a   Code   RO         1833    x$fpl$fpinit        fz_wm.l(fpinit.o)
    0x080030d2   0x080030d2   0x00000004   Code   RO         1660    x$fpl$printf1       fz_wm.l(printf1.o)
    0x080030d6   0x080030d6   0x00000004   Code   RO         1662    x$fpl$printf2       fz_wm.l(printf2.o)
    0x080030da   0x080030da   0x00000000   Code   RO         1760    x$fpl$usenofp       fz_wm.l(usenofp.o)
    0x080030da   0x080030da   0x00000002   PAD
    0x080030dc   0x080030dc   0x00000008   Data   RO         1586    .constdata          c_w.l(_printf_wctomb.o)
    0x080030e4   0x080030e4   0x00000028   Data   RO         1615    .constdata          c_w.l(_printf_hex_int_ll_ptr.o)
    0x0800310c   0x0800310c   0x00000011   Data   RO         1635    .constdata          c_w.l(__printf_flags_ss_wp.o)
    0x0800311d   0x0800311d   0x00000026   Data   RO         1692    .constdata          c_w.l(_printf_fp_hex.o)
    0x08003143   0x08003143   0x00000001   PAD
    0x08003144   0x08003144   0x00000094   Data   RO         1721    .constdata          c_w.l(bigflt0.o)
    0x080031d8   0x080031d8   0x00000008   Data   RO          420    .rodata.crm_clocks_freq_get.adc_div_table  at32f403a_407_crm.o
    0x080031e0   0x080031e0   0x00000008   Data   RO          418    .rodata.crm_clocks_freq_get.ahb_apb1_div_table  at32f403a_407_crm.o
    0x080031e8   0x080031e8   0x00000008   Data   RO          419    .rodata.crm_clocks_freq_get.ahb_apb2_div_table  at32f403a_407_crm.o
    0x080031f0   0x080031f0   0x00000010   Data   RO          417    .rodata.crm_clocks_freq_get.sclk_ahb_div_table  at32f403a_407_crm.o
    0x08003200   0x08003200   0x0000001a   Data   RO           11    .rodata.str1.1      main.o
    0x0800321a   0x0800321a   0x00000010   Data   RO          104    .rodata.system_core_clock_update.sys_ahb_div_table  system_at32f403a_407.o
    0x0800322a   0x0800322a   0x00000002   PAD
    0x0800322c   0x0800322c   0x00000020   Data   RO         1898    Region$$Table       anon$$obj.o
    0x0800324c   0x0800324c   0x0000001c   Data   RO         1747    locale$$data        c_w.l(lc_numeric_c.o)
    0x08003268   0x08003268   0x00000110   Data   RO         1770    locale$$data        c_w.l(lc_ctype_c.o)


    Execution Region RW_IRAM1 (Exec base: 0x20000000, Load base: 0x08003378, Size: 0x000006e8, Max: 0x00018000, ABSOLUTE)

    Exec Addr    Load Addr    Size         Type   Attr      Idx    E Section Name        Object

    0x20000000   0x08003378   0x00000001   Data   RW           10    .data.g_speed       main.o
    0x20000001   0x08003379   0x00000003   PAD
    0x20000004   0x0800337c   0x0000000c   Data   RW           54    .data.led_gpio_crm_clk  at32f403a_407_board.o
    0x20000010   0x08003388   0x00000006   Data   RW           53    .data.led_gpio_pin  at32f403a_407_board.o
    0x20000016   0x0800338e   0x00000002   PAD
    0x20000018   0x08003390   0x0000000c   Data   RW           52    .data.led_gpio_port  at32f403a_407_board.o
    0x20000024   0x0800339c   0x00000004   Data   RW          103    .data.system_core_clock  system_at32f403a_407.o
    0x20000028        -       0x00000060   Zero   RW         1764    .bss                c_w.l(libspace.o)
    0x20000088        -       0x00000054   Zero   RW           58    .bss.__stdout       at32f403a_407_board.o
    0x200000dc        -       0x00000004   Zero   RW           57    .bss.fac_ms         at32f403a_407_board.o
    0x200000e0        -       0x00000004   Zero   RW           56    .bss.fac_us         at32f403a_407_board.o
    0x200000e4   0x080033a0   0x00000004   PAD
    0x200000e8        -       0x00000200   Zero   RW         1550    HEAP                startup_at32f403a_407.o
    0x200002e8        -       0x00000400   Zero   RW         1549    STACK               startup_at32f403a_407.o


==============================================================================

Image component sizes


      Code (inc. data)   RO Data    RW Data    ZI Data      Debug   Object Name

       872          0          0         30         92      11755   at32f403a_407_board.o
       132          0          0          0          0       3108   at32f403a_407_clock.o
      1508          6         40          0          0      20825   at32f403a_407_crm.o
       316          0          0          0          0       3398   at32f403a_407_exint.o
       632          4          0          0          0      14261   at32f403a_407_gpio.o
        26          0          0          0          0        981   at32f403a_407_int.o
       426          0          0          0          0       6591   at32f403a_407_misc.o
       388          0          0          0          0      10284   at32f403a_407_usart.o
       264          0         26          1          0       9758   main.o
        64         26        388          0       1536        844   startup_at32f403a_407.o
       580          0         16          4          0       7942   system_at32f403a_407.o

    ----------------------------------------------------------------------
      5266         36        504         40       1632      89747   Object Totals
         0          0         32          0          0          0   (incl. Generated)
        58          0          2          5          4          0   (incl. Padding)

    ----------------------------------------------------------------------

      Code (inc. data)   RO Data    RW Data    ZI Data      Debug   Library Member Name

         8          0          0          0          0         68   __main.o
       392          4         17          0          0         92   __printf_flags_ss_wp.o
        14          0          0          0          0         68   __printf_wp.o
         0          0          0          0          0          0   __rtentry.o
        12          0          0          0          0          0   __rtentry2.o
         6          0          0          0          0          0   __rtentry4.o
        94          8          0          0          0          0   __scatter.o
        26          0          0          0          0          0   __scatter_copy.o
        28          0          0          0          0          0   __scatter_zi.o
        72          0          0          0          0         96   _c16rtomb.o
         6          0          0          0          0          0   _printf_a.o
         6          0          0          0          0          0   _printf_c.o
        44          0          0          0          0        108   _printf_char.o
        48          6          0          0          0         96   _printf_char_common.o
        36          4          0          0          0         80   _printf_char_file.o
        40          0          0          0          0         68   _printf_charcount.o
         6          0          0          0          0          0   _printf_d.o
       120         16          0          0          0         92   _printf_dec.o
         6          0          0          0          0          0   _printf_e.o
         6          0          0          0          0          0   _printf_f.o
      1052          0          0          0          0        148   _printf_fp_dec.o
       764          8         38          0          0        100   _printf_fp_hex.o
       128         16          0          0          0         84   _printf_fp_infnan.o
         6          0          0          0          0          0   _printf_g.o
       148          4         40          0          0        160   _printf_hex_int_ll_ptr.o
         6          0          0          0          0          0   _printf_i.o
       178          0          0          0          0         88   _printf_intcommon.o
        10          0          0          0          0          0   _printf_l.o
         6          0          0          0          0          0   _printf_lc.o
        10          0          0          0          0          0   _printf_ll.o
         6          0          0          0          0          0   _printf_lld.o
         6          0          0          0          0          0   _printf_lli.o
         6          0          0          0          0          0   _printf_llo.o
         6          0          0          0          0          0   _printf_llu.o
         6          0          0          0          0          0   _printf_llx.o
       124         16          0          0          0         92   _printf_longlong_dec.o
         6          0          0          0          0          0   _printf_ls.o
         6          0          0          0          0          0   _printf_n.o
         6          0          0          0          0          0   _printf_o.o
       112          8          0          0          0        124   _printf_oct_int_ll.o
         6          0          0          0          0          0   _printf_p.o
        78          0          0          0          0        108   _printf_pad.o
         0          0          0          0          0          0   _printf_percent.o
         4          0          0          0          0          0   _printf_percent_end.o
         6          0          0          0          0          0   _printf_s.o
        82          0          0          0          0         80   _printf_str.o
        36          0          0          0          0         84   _printf_truncate.o
         6          0          0          0          0          0   _printf_u.o
        44          0          0          0          0        108   _printf_wchar.o
       188          6          8          0          0         92   _printf_wctomb.o
         6          0          0          0          0          0   _printf_x.o
       228          4        148          0          0         96   bigflt0.o
      1936        128          0          0          0        668   btod.o
        18          0          0          0          0         80   exit.o
         8          0          0          0          0         68   ferror.o
         6          0          0          0          0        152   heapauxi.o
        44         10        272          0          0         76   lc_ctype_c.o
        44         10         28          0          0         76   lc_numeric_c.o
         2          0          0          0          0          0   libinit.o
        34          0          0          0          0          0   libinit2.o
         2          0          0          0          0          0   libshutdown.o
         2          0          0          0          0          0   libshutdown2.o
         8          4          0          0         96         68   libspace.o
       138          0          0          0          0         80   lludiv10.o
        24          4          0          0          0         84   printf.o
        16          4          0          0          0         76   rt_ctype_table.o
         8          4          0          0          0         68   rt_locale_intlibspace.o
         2          0          0          0          0          0   rtexit.o
        10          0          0          0          0          0   rtexit2.o
       124          0          0          0          0         88   strcmpv7em.o
        74          0          0          0          0         80   sys_stackheap_outer.o
         2          0          0          0          0         68   use_no_semi.o
         2          0          0          0          0         68   use_no_semi_2.o
        26          0          0          0          0        116   fpinit.o
         4          0          0          0          0        116   printf1.o
         4          0          0          0          0        116   printf2.o
         0          0          0          0          0          0   usenofp.o
        48          0          0          0          0        124   fpclassify.o

    ----------------------------------------------------------------------
      6854        268        552          0         96       4404   Library Totals
        22          4          1          0          0          0   (incl. Padding)

    ----------------------------------------------------------------------

      Code (inc. data)   RO Data    RW Data    ZI Data      Debug   Library Name

      6750        264        551          0         96       3932   c_w.l
        34          0          0          0          0        348   fz_wm.l
        48          0          0          0          0        124   m_wm.l

    ----------------------------------------------------------------------
      6854        268        552          0         96       4404   Library Totals

    ----------------------------------------------------------------------

==============================================================================


      Code (inc. data)   RO Data    RW Data    ZI Data      Debug   

     12120        304       1056         40       1728      91759   Grand Totals
     12120        304       1056         40       1728      91759   ELF Image Totals
     12120        304       1056         40          0          0   ROM Totals

==============================================================================

    Total RO  Size (Code + RO Data)                13176 (  12.87kB)
    Total RW  Size (RW Data + ZI Data)              1768 (   1.73kB)
    Total ROM Size (Code + RO Data + RW Data)      13216 (  12.91kB)

==============================================================================

